Component: ARM Compiler 5.06 update 6 (build 750) Tool: armlink [4d35ed]

==============================================================================

Section Cross References

    main.o(.text) refers to gd32f30x_rcu.o(.text) for rcu_periph_clock_enable
    main.o(.text) refers to gd32f30x_gpio.o(.text) for gpio_init
    main.o(.text) refers to pin.o(.text) for rt_pin_mode
    main.o(.text) refers to thread.o(.text) for rt_thread_mdelay
    syscall_mem.o(.text) refers (Special) to hguard.o(.text) for __use_no_heap
    syscall_mem.o(.text) refers to kservice.o(.text) for rt_malloc
    syscalls.o(.text) refers (Special) to use_no_semi.o(.text) for __use_no_semihosting_swi
    syscalls.o(.text) refers to strcmpv7m.o(.text) for strcmp
    syscalls.o(.text) refers to kservice.o(.text) for rt_kprintf
    syscalls.o(.text) refers to device.o(.text) for rt_device_write
    syscalls.o(.text) refers to stdlib.o(.text) for __rt_libc_exit
    syscalls.o(.text) refers to syscalls.o(.constdata) for .constdata
    syscalls.o(.constdata) refers (Special) to use_no_semi.o(.text) for __use_no_semihosting_swi
    stdlib.o(.text) refers to thread.o(.text) for rt_thread_self
    stdlib.o(.text) refers to kservice.o(.text) for rt_kprintf
    stdlib.o(.text) refers to msh.o(.text) for msh_exec
    time.o(.text) refers to kservice.o(.text) for rt_strlen
    time.o(.text) refers to clock.o(.text) for rt_tick_get
    time.o(.text) refers to time.o(.constdata) for .constdata
    time.o(.text) refers to time.o(.bss) for .bss
    time.o(.text) refers to time.o(.data) for .data
    time.o(.text) refers to time.o(.conststring) for .conststring
    time.o(.text) refers to context_rvds.o(.text) for rt_hw_interrupt_disable
    time.o(.data) refers to time.o(.conststring) for .conststring
    showmem.o(.text) refers to kservice.o(.text) for rt_assert_handler
    showmem.o(.text) refers to showmem.o(.constdata) for .constdata
    context_rvds.o(.text) refers to cpuport.o(.text) for rt_hw_hard_fault_exception
    context_rvds.o(.text) refers to cpuport.o(.data) for rt_thread_switch_interrupt_flag
    context_rvds.o(.text) refers to cpuport.o(.data) for rt_interrupt_from_thread
    context_rvds.o(.text) refers to cpuport.o(.data) for rt_interrupt_to_thread
    cpuport.o(.text) refers to kservice.o(.text) for rt_kprintf
    cpuport.o(.text) refers to thread.o(.text) for rt_thread_self
    cpuport.o(.text) refers to cmd.o(.text) for list_thread
    cpuport.o(.text) refers to cpuport.o(.data) for .data
    cpuport.o(.text) refers to cpuport.o(.constdata) for .constdata
    completion.o(.text) refers to kservice.o(.text) for rt_assert_handler
    completion.o(.text) refers to context_rvds.o(.text) for rt_hw_interrupt_disable
    completion.o(.text) refers to scheduler.o(.text) for rt_critical_level
    completion.o(.text) refers to thread.o(.text) for rt_thread_self
    completion.o(.text) refers to irq.o(.text) for rt_interrupt_get_nest
    completion.o(.text) refers to timer.o(.text) for rt_timer_control
    completion.o(.text) refers to completion.o(.constdata) for .constdata
    dataqueue.o(.text) refers to kservice.o(.text) for rt_assert_handler
    dataqueue.o(.text) refers to context_rvds.o(.text) for rt_hw_interrupt_disable
    dataqueue.o(.text) refers to scheduler.o(.text) for rt_critical_level
    dataqueue.o(.text) refers to thread.o(.text) for rt_thread_self
    dataqueue.o(.text) refers to irq.o(.text) for rt_interrupt_get_nest
    dataqueue.o(.text) refers to timer.o(.text) for rt_timer_control
    dataqueue.o(.text) refers to dataqueue.o(.constdata) for .constdata
    pipe.o(.text) refers to ipc.o(.text) for rt_mutex_take
    pipe.o(.text) refers to ringbuffer.o(.text) for rt_ringbuffer_create
    pipe.o(.text) refers to kservice.o(.text) for rt_set_errno
    pipe.o(.text) refers to device.o(.text) for rt_device_register
    pipe.o(.text) refers to pipe.o(.constdata) for .constdata
    ringblk_buf.o(.text) refers to kservice.o(.text) for rt_assert_handler
    ringblk_buf.o(.text) refers to context_rvds.o(.text) for rt_hw_interrupt_disable
    ringblk_buf.o(.text) refers to ringblk_buf.o(.constdata) for .constdata
    ringbuffer.o(.text) refers to kservice.o(.text) for rt_assert_handler
    ringbuffer.o(.text) refers to ringbuffer.o(.constdata) for .constdata
    waitqueue.o(.text) refers to context_rvds.o(.text) for rt_hw_interrupt_disable
    waitqueue.o(.text) refers to thread.o(.text) for rt_thread_resume
    waitqueue.o(.text) refers to scheduler.o(.text) for rt_schedule
    waitqueue.o(.text) refers to kservice.o(.text) for rt_kprintf
    waitqueue.o(.text) refers to irq.o(.text) for rt_interrupt_get_nest
    waitqueue.o(.text) refers to clock.o(.text) for rt_tick_from_millisecond
    waitqueue.o(.text) refers to timer.o(.text) for rt_timer_control
    waitqueue.o(.text) refers to waitqueue.o(.constdata) for .constdata
    workqueue.o(.text) refers to kservice.o(.text) for rt_assert_handler
[...]
    rt_thread_suspend_hook                   0x200001e4   Data           4  thread.o(.data)
    rt_thread_resume_hook                    0x200001e8   Data           4  thread.o(.data)
    rt_thread_inited_hook                    0x200001ec   Data           4  thread.o(.data)
    .data                                    0x200001f0   Section       20  timer.o(.data)
    random_nr                                0x200001f0   Data           4  timer.o(.data)
    rt_timer_enter_hook                      0x200001f4   Data           4  timer.o(.data)
    rt_timer_exit_hook                       0x200001f8   Data           4  timer.o(.data)
    _timer_list                              0x200001fc   Data           8  timer.o(.data)
    .data                                    0x20000204   Section        4  system_gd32f30x.o(.data)
    .bss                                     0x20000208   Section       68  pin.o(.bss)
    _hw_pin                                  0x20000208   Data          68  pin.o(.bss)
    .bss                                     0x2000024c   Section       84  drv_usart.o(.bss)
    .bss                                     0x200002a0   Section      129  shell.o(.bss)
    finsh_prompt                             0x200002a0   Data         129  shell.o(.bss)
    .bss                                     0x20000324   Section      400  idle.o(.bss)
    idle                                     0x20000324   Data         128  idle.o(.bss)
    rt_thread_stack                          0x200003a4   Data         256  idle.o(.bss)
    idle_hook_list                           0x200004a4   Data          16  idle.o(.bss)
    .bss                                     0x200004b4   Section      164  kservice.o(.bss)
    rt_log_buf                               0x200004b4   Data         128  kservice.o(.bss)
    _lock                                    0x20000534   Data          36  kservice.o(.bss)
    .bss                                     0x20000558   Section      256  scheduler.o(.bss)
    .bss                                     0x20000658   Section       96  libspace.o(.bss)
    HEAP                                     0x200006b8   Section     1024  startup_gd32f30x_hd.o(HEAP)
    Heap_Mem                                 0x200006b8   Data        1024  startup_gd32f30x_hd.o(HEAP)
    STACK                                    0x20000ab8   Section     1024  startup_gd32f30x_hd.o(STACK)
    Stack_Mem                                0x20000ab8   Data        1024  startup_gd32f30x_hd.o(STACK)
    __initial_sp                             0x20000eb8   Data           0  startup_gd32f30x_hd.o(STACK)

    Global Symbols

    Symbol Name                              Value     Ov Type        Size  Object(Section)

    BuildAttributes$$THM_ISAv4$E$P$D$K$B$S$7EM$VFPi3$EXTD16$VFPS$VFMA$PE$A:L22UL41UL21$X:L11$S22US41US21$IEEE1$IW$USESV6$~STKCKD$USESV7$~SHL$OSPACE$ROPI$EBA8$UX$STANDARDLIB$REQ8$PRES8$EABIv2 0x00000000   Number         0  anon$$obj.o ABSOLUTE
    __ARM_use_no_argv                        0x00000000   Number         0  main.o ABSOLUTE
    __ARM_exceptions_init                     - Undefined Weak Reference
    __alloca_initialize                       - Undefined Weak Reference
    __arm_preinit_                            - Undefined Weak Reference
    __cpp_initialize__aeabi_                  - Undefined Weak Reference
    __cxa_finalize                            - Undefined Weak Reference
    __rt_locale                               - Undefined Weak Reference
    __sigvec_lookup                           - Undefined Weak Reference
    _atexit_init                              - Undefined Weak Reference
    _call_atexit_fns                          - Undefined Weak Reference
    _clock_init                               - Undefined Weak Reference
    _fp_trap_init                             - Undefined Weak Reference
    _fp_trap_shutdown                         - Undefined Weak Reference
    _get_lc_collate                           - Undefined Weak Reference
    _get_lc_ctype                             - Undefined Weak Reference
    _get_lc_monetary                          - Undefined Weak Reference
    _get_lc_numeric                           - Undefined Weak Reference
    _get_lc_time                              - Undefined Weak Reference
    _getenv_init                              - Undefined Weak Reference
    _handle_redirection                       - Undefined Weak Reference
    _init_alloc                               - Undefined Weak Reference
    _init_user_alloc                          - Undefined Weak Reference
    _initio                                   - Undefined Weak Reference
    _rand_init                                - Undefined Weak Reference
    _signal_finish                            - Undefined Weak Reference
    _signal_init                              - Undefined Weak Reference
    _terminate_alloc                          - Undefined Weak Reference
    _terminate_user_alloc                     - Undefined Weak Reference
    _terminateio                              - Undefined Weak Reference
    __Vectors_Size                           0x00000130   Number         0  startup_gd32f30x_hd.o ABSOLUTE
    __Vectors                                0x08000000   Data           4  startup_gd32f30x_hd.o(RESET)
    __Vectors_End                            0x08000130   Data           0  startup_gd32f30x_hd.o(RESET)
    __main                                   0x08000131   Thumb Code     8  __main.o(!!!main)
    __scatterload                            0x08000139   Thumb Code     0  __scatter.o(!!!scatter)
    __scatterload_rt2                        0x08000139   Thumb Code    44  __scatter.o(!!!scatter)
    __scatterload_rt2_thumb_only             0x08000139   Thumb Code     0  __scatter.o(!!!scatter)
    __scatterload_null                       0x08000147   Thumb Code     0  __scatter.o(!!!scatter)
    __decompress                             0x0800016d   Thumb Code    90  __dczerorl2.o(!!dczerorl2)
    __decompress1                            0x0800016d   Thumb Code     0  __dczerorl2.o(!!dczerorl2)
    __scatterload_zeroinit                   0x080001c9   Thumb Code    28  __scatter_zi.o(!!handler_zi)
    __rt_lib_init                            0x080001e5   Thumb Code     0  libinit.o(.ARM.Collect$$libinit$$00000000)
    __rt_lib_init_fp_1                       0x080001e7   Thumb Code     0  libinit2.o(.ARM.Collect$$libinit$$00000001)
    __rt_lib_init_alloca_1                   0x080001eb   Thumb Code     0  libinit2.o(.ARM.Collect$$libinit$$0000002E)
    __rt_lib_init_argv_1                     0x080001eb   Thumb Code     0  libinit2.o(.ARM.Collect$$libinit$$0000002C)
    __rt_lib_init_atexit_1                   0x080001eb   Thumb Code     0  libinit2.o(.ARM.Collect$$libinit$$0000001B)
    __rt_lib_init_clock_1                    0x080001eb   Thumb Code     0  libinit2.o(.ARM.Collect$$libinit$$00000021)
    __rt_lib_init_cpp_1                      0x080001eb   Thumb Code     0  libinit2.o(.ARM.Collect$$libinit$$00000032)
    __rt_lib_init_exceptions_1               0x080001eb   Thumb Code     0  libinit2.o(.ARM.Collect$$libinit$$00000030)
    __rt_lib_init_fp_trap_1                  0x080001eb   Thumb Code     0  libinit2.o(.ARM.Collect$$libinit$$0000001F)
    __rt_lib_init_getenv_1                   0x080001eb   Thumb Code     0  libinit2.o(.ARM.Collect$$libinit$$00000023)
    __rt_lib_init_heap_1                     0x080001eb   Thumb Code     0  libinit2.o(.ARM.Collect$$libinit$$0000000A)
    __rt_lib_init_lc_collate_1               0x080001eb   Thumb Code     0  libinit2.o(.ARM.Collect$$libinit$$00000011)
    __rt_lib_init_lc_ctype_1                 0x080001eb   Thumb Code     0  libinit2.o(.ARM.Collect$$libinit$$00000013)
    __rt_lib_init_lc_monetary_1              0x080001eb   Thumb Code     0  libinit2.o(.ARM.Collect$$libinit$$00000015)
    __rt_lib_init_lc_numeric_1               0x080001eb   Thumb Code     0  libinit2.o(.ARM.Collect$$libinit$$00000017)
    __rt_lib_init_lc_time_1                  0x080001eb   Thumb Code     0  libinit2.o(.ARM.Collect$$libinit$$00000019)
    __rt_lib_init_preinit_1                  0x080001eb   Thumb Code     0  libinit2.o(.ARM.Collect$$libinit$$00000004)
    __rt_lib_init_rand_1                     0x080001eb   Thumb Code     0  libinit2.o(.ARM.Collect$$libinit$$0000000E)
    __rt_lib_init_return                     0x080001eb   Thumb Code     0  libinit2.o(.ARM.Collect$$libinit$$00000033)
    __rt_lib_init_signal_1                   0x080001eb   Thumb Code     0  libinit2.o(.ARM.Collect$$libinit$$0000001D)
    __rt_lib_init_stdio_1                    0x080001eb   Thumb Code     0  libinit2.o(.ARM.Collect$$libinit$$00000025)
    __rt_lib_init_user_alloc_1               0x080001eb   Thumb Code     0  libinit2.o(.ARM.Collect$$libinit$$0000000C)
    __rt_lib_shutdown                        0x080001ed   Thumb Code     0  libshutdown.o(.ARM.Collect$$libshutdown$$00000000)
    __rt_lib_shutdown_cpp_1                  0x080001ef   Thumb Code     0  libshutdown2.o(.ARM.Collect$$libshutdown$$00000002)
    __rt_lib_shutdown_fp_trap_1              0x080001ef   Thumb Code     0  libshutdown2.o(.ARM.Collect$$libshutdown$$00000007)
    __rt_lib_shutdown_heap_1                 0x080001ef   Thumb Code     0  libshutdown2.o(.ARM.Collect$$libshutdown$$0000000F)
    __rt_lib_shutdown_return                 0x080001ef   Thumb Code     0  libshutdown2.o(.ARM.Collect$$libshutdown$$00000010)
    __rt_lib_shutdown_signal_1               0x080001ef   Thumb Code     0  libshutdown2.o(.ARM.Collect$$libshutdown$$0000000A)
    __rt_lib_shutdown_stdio_1                0x080001ef   Thumb Code     0  libshutdown2.o(.ARM.Collect$$libshutdown$$00000004)
    __rt_lib_shutdown_user_alloc_1           0x080001ef   Thumb Code     0  libshutdown2.o(.ARM.Collect$$libshutdown$$0000000C)
    __rt_entry                               0x080001f1   Thumb Code     0  __rtentry.o(.ARM.Collect$$rtentry$$00000000)
    __rt_entry_presh_1                       0x080001f1   Thumb Code     0  __rtentry2.o(.ARM.Collect$$rtentry$$00000002)
    __rt_entry_sh                            0x080001f1   Thumb Code     0  __rtentry4.o(.ARM.Collect$$rtentry$$00000004)
    __rt_entry_li                            0x080001f7   Thumb Code     0  __rtentry2.o(.ARM.Collect$$rtentry$$0000000A)
    __rt_entry_postsh_1                      0x080001f7   Thumb Code     0  __rtentry2.o(.ARM.Collect$$rtentry$$00000009)
    __rt_entry_main                          0x080001fb   Thumb Code     0  __rtentry2.o(.ARM.Collect$$rtentry$$0000000D)
    __rt_entry_postli_1                      0x080001fb   Thumb Code     0  __rtentry2.o(.ARM.Collect$$rtentry$$0000000C)
    __rt_exit                                0x08000203   Thumb Code     0  rtexit.o(.ARM.Collect$$rtexit$$00000000)
    __rt_exit_ls                             0x08000205   Thumb Code     0  rtexit2.o(.ARM.Collect$$rtexit$$00000003)
    __rt_exit_prels_1                        0x08000205   Thumb Code     0  rtexit2.o(.ARM.Collect$$rtexit$$00000002)
    __rt_exit_exit                           0x08000209   Thumb Code     0  rtexit2.o(.ARM.Collect$$rtexit$$00000004)
    $Super$$main                             0x08000211   Thumb Code   122  main.o(.text)
    _sys_open                                0x08000291   Thumb Code    74  syscalls.o(.text)
    _sys_close                               0x080002db   Thumb Code    30  syscalls.o(.text)
    _sys_read                                0x080002f9   Thumb Code    30  syscalls.o(.text)
    _sys_write                               0x08000317   Thumb Code    70  syscalls.o(.text)
    _sys_seek                                0x0800035d   Thumb Code    30  syscalls.o(.text)
    _sys_tmpnam                              0x0800037b   Thumb Code    18  syscalls.o(.text)
    _sys_command_string                      0x0800038d   Thumb Code     4  syscalls.o(.text)
    _ttywrch                                 0x08000391   Thumb Code     8  syscalls.o(.text)
    _sys_exit                                0x08000399   Thumb Code     6  syscalls.o(.text)
    _sys_flen                                0x0800039f   Thumb Code    30  syscalls.o(.text)
    _sys_istty                               0x080003bd   Thumb Code    12  syscalls.o(.text)
    remove                                   0x080003c9   Thumb Code    30  syscalls.o(.text)
    __rt_libc_exit                           0x08000445   Thumb Code    50  stdlib.o(.text)
    system                                   0x08000477   Thumb Code    22  stdlib.o(.text)
    rt_hw_interrupt_disable                  0x080004bd   Thumb Code     8  context_rvds.o(.text)
    rt_hw_interrupt_enable                   0x080004c5   Thumb Code     6  context_rvds.o(.text)
    rt_hw_context_switch                     0x080004cb   Thumb Code    32  context_rvds.o(.text)
    rt_hw_context_switch_interrupt           0x080004cb   Thumb Code     0  context_rvds.o(.text)
    PendSV_Handler                           0x080004eb   Thumb Code   108  context_rvds.o(.text)
    rt_hw_context_switch_to                  0x08000557   Thumb Code    76  context_rvds.o(.text)
    rt_hw_interrupt_thread_switch            0x080005a3   Thumb Code     2  context_rvds.o(.text)
    HardFault_Handler                        0x080005a5   Thumb Code    56  context_rvds.o(.text)
    rt_hw_stack_init                         0x080005f9   Thumb Code    54  cpuport.o(.text)
    rt_hw_exception_install                  0x0800062f   Thumb Code     6  cpuport.o(.text)
    rt_hw_hard_fault_exception               0x080006a3   Thumb Code   198  cpuport.o(.text)
    rt_hw_cpu_shutdown                       0x08000769   Thumb Code    24  cpuport.o(.text)
    rt_hw_cpu_reset                          0x08000781   Thumb Code    10  cpuport.o(.text)
    rt_completion_init                       0x08000b85   Thumb Code    36  completion.o(.text)
    rt_completion_wait                       0x08000ba9   Thumb Code   282  completion.o(.text)
    rt_completion_done                       0x08000cc3   Thumb Code    72  completion.o(.text)
    rt_data_queue_init                       0x08000de9   Thumb Code   102  dataqueue.o(.text)
    rt_data_queue_push                       0x08000e4f   Thumb Code   418  dataqueue.o(.text)
    rt_data_queue_len                        0x08000ff1   Thumb Code    92  dataqueue.o(.text)
    rt_data_queue_pop                        0x0800104d   Thumb Code   748  dataqueue.o(.text)
    rt_data_queue_peek                       0x08001339   Thumb Code   102  dataqueue.o(.text)
    rt_data_queue_reset                      0x0800139f   Thumb Code   168  dataqueue.o(.text)
    rt_data_queue_deinit                     0x08001447   Thumb Code    74  dataqueue.o(.text)
    rt_work_init                             0x080016b5   Thumb Code    54  workqueue.o(.text)
    rt_workqueue_create                      0x080016eb   Thumb Code    92  workqueue.o(.text)
    rt_workqueue_cancel_all_work             0x08001747   Thumb Code    64  workqueue.o(.text)
    rt_workqueue_destroy                     0x08001787   Thumb Code    50  workqueue.o(.text)
    rt_workqueue_dowork                      0x080017b9   Thumb Code    50  workqueue.o(.text)
    rt_workqueue_submit_work                 0x080017eb   Thumb Code    74  workqueue.o(.text)
    rt_workqueue_urgent_work                 0x08001835   Thumb Code   216  workqueue.o(.text)
    rt_workqueue_cancel_work                 0x0800190d   Thumb Code    48  workqueue.o(.text)
    rt_workqueue_cancel_work_sync            0x0800193d   Thumb Code    74  workqueue.o(.text)
    rt_work_submit                           0x08001987   Thumb Code    10  workqueue.o(.text)
    rt_work_urgent                           0x08001991   Thumb Code     8  workqueue.o(.text)
    rt_work_cancel                           0x08001999   Thumb Code     8  workqueue.o(.text)
    rt_device_pin_register                   0x08001aa3   Thumb Code    52  pin.o(.text)
    rt_pin_attach_irq                        0x08001ad7   Thumb Code    58  pin.o(.text)
    rt_pin_detach_irq                        0x08001b11   Thumb Code    44  pin.o(.text)
    rt_pin_irq_enable                        0x08001b3d   Thumb Code    48  pin.o(.text)
    rt_pin_mode                              0x08001b6d   Thumb Code    40  pin.o(.text)
    rt_pin_write                             0x08001b95   Thumb Code    40  pin.o(.text)
    rt_pin_read                              0x08001bbd   Thumb Code    36  pin.o(.text)
    rt_pin_get                               0x08001be1   Thumb Code    60  pin.o(.text)
    rt_hw_serial_register                    0x080023a3   Thumb Code    76  serial.o(.text)
    rt_hw_serial_isr                         0x080023ef   Thumb Code   424  serial.o(.text)
    Error_Handler                            0x080027d5   Thumb Code     2  board.o(.text)
    SystemClock_Config                       0x080027d7   Thumb Code    58  board.o(.text)
    SysTick_Handler                          0x08002811   Thumb Code    18  board.o(.text)
    rt_hw_board_init                         0x08002823   Thumb Code    36  board.o(.text)
    Reset_Handler                            0x08002881   Thumb Code     8  startup_gd32f30x_hd.o(.text)
    NMI_Handler                              0x08002889   Thumb Code     2  startup_gd32f30x_hd.o(.text)
    MemManage_Handler                        0x0800288d   Thumb Code     2  startup_gd32f30x_hd.o(.text)
    BusFault_Handler                         0x0800288f   Thumb Code     2  startup_gd32f30x_hd.o(.text)
    UsageFault_Handler                       0x08002891   Thumb Code     2  startup_gd32f30x_hd.o(.text)
    SVC_Handler                              0x08002893   Thumb Code     2  startup_gd32f30x_hd.o(.text)
    DebugMon_Handler                         0x08002895   Thumb Code     2  startup_gd32f30x_hd.o(.text)
    ADC0_1_IRQHandler                        0x0800289b   Thumb Code     0  startup_gd32f30x_hd.o(.text)
    ADC2_IRQHandler                          0x0800289b   Thumb Code     0  startup_gd32f30x_hd.o(.text)
    CAN0_EWMC_IRQHandler                     0x0800289b   Thumb Code     0  startup_gd32f30x_hd.o(.text)
    CAN0_RX1_IRQHandler                      0x0800289b   Thumb Code     0  startup_gd32f30x_hd.o(.text)
    DMA0_Channel0_IRQHandler                 0x0800289b   Thumb Code     0  startup_gd32f30x_hd.o(.text)
    DMA0_Channel1_IRQHandler                 0x0800289b   Thumb Code     0  startup_gd32f30x_hd.o(.text)
    DMA0_Channel2_IRQHandler                 0x0800289b   Thumb Code     0  startup_gd32f30x_hd.o(.text)
    DMA0_Channel3_IRQHandler                 0x0800289b   Thumb Code     0  startup_gd32f30x_hd.o(.text)
    DMA0_Channel4_IRQHandler                 0x0800289b   Thumb Code     0  startup_gd32f30x_hd.o(.text)
    DMA0_Channel5_IRQHandler                 0x0800289b   Thumb Code     0  startup_gd32f30x_hd.o(.text)
    DMA0_Channel6_IRQHandler                 0x0800289b   Thumb Code     0  startup_gd32f30x_hd.o(.text)
    DMA1_Channel0_IRQHandler                 0x0800289b   Thumb Code     0  startup_gd32f30x_hd.o(.text)
    DMA1_Channel1_IRQHandler                 0x0800289b   Thumb Code     0  startup_gd32f30x_hd.o(.text)
    DMA1_Channel2_IRQHandler                 0x0800289b   Thumb Code     0  startup_gd32f30x_hd.o(.text)
    DMA1_Channel3_4_IRQHandler               0x0800289b   Thumb Code     0  startup_gd32f30x_hd.o(.text)
    EXMC_IRQHandler                          0x0800289b   Thumb Code     0  startup_gd32f30x_hd.o(.text)
    FMC_IRQHandler                           0x0800289b   Thumb Code     0  startup_gd32f30x_hd.o(.text)
    I2C0_ER_IRQHandler                       0x0800289b   Thumb Code     0  startup_gd32f30x_hd.o(.text)
    I2C0_EV_IRQHandler                       0x0800289b   Thumb Code     0  startup_gd32f30x_hd.o(.text)
    I2C1_ER_IRQHandler                       0x0800289b   Thumb Code     0  startup_gd32f30x_hd.o(.text)
    I2C1_EV_IRQHandler                       0x0800289b   Thumb Code     0  startup_gd32f30x_hd.o(.text)
    LVD_IRQHandler                           0x0800289b   Thumb Code     0  startup_gd32f30x_hd.o(.text)
    RCU_CTC_IRQHandler                       0x0800289b   Thumb Code     0  startup_gd32f30x_hd.o(.text)
    RTC_Alarm_IRQHandler                     0x0800289b   Thumb Code     0  startup_gd32f30x_hd.o(.text)
    RTC_IRQHandler                           0x0800289b   Thumb Code     0  startup_gd32f30x_hd.o(.text)
    SDIO_IRQHandler                          0x0800289b   Thumb Code     0  startup_gd32f30x_hd.o(.text)
    SPI0_IRQHandler                          0x0800289b   Thumb Code     0  startup_gd32f30x_hd.o(.text)
    SPI1_IRQHandler                          0x0800289b   Thumb Code     0  startup_gd32f30x_hd.o(.text)
    SPI2_IRQHandler                          0x0800289b   Thumb Code     0  startup_gd32f30x_hd.o(.text)
    TAMPER_IRQHandler                        0x0800289b   Thumb Code     0  startup_gd32f30x_hd.o(.text)
    TIMER0_BRK_IRQHandler                    0x0800289b   Thumb Code     0  startup_gd32f30x_hd.o(.text)
    TIMER0_Channel_IRQHandler                0x0800289b   Thumb Code     0  startup_gd32f30x_hd.o(.text)
    TIMER0_TRG_CMT_IRQHandler                0x0800289b   Thumb Code     0  startup_gd32f30x_hd.o(.text)
    TIMER0_UP_IRQHandler                     0x0800289b   Thumb Code     0  startup_gd32f30x_hd.o(.text)
    TIMER1_IRQHandler                        0x0800289b   Thumb Code     0  startup_gd32f30x_hd.o(.text)
    TIMER2_IRQHandler                        0x0800289b   Thumb Code     0  startup_gd32f30x_hd.o(.text)
    TIMER3_IRQHandler                        0x0800289b   Thumb Code     0  startup_gd32f30x_hd.o(.text)
    TIMER4_IRQHandler                        0x0800289b   Thumb Code     0  startup_gd32f30x_hd.o(.text)
    TIMER5_IRQHandler                        0x0800289b   Thumb Code     0  startup_gd32f30x_hd.o(.text)
    TIMER6_IRQHandler                        0x0800289b   Thumb Code     0  startup_gd32f30x_hd.o(.text)
    TIMER7_BRK_IRQHandler                    0x0800289b   Thumb Code     0  startup_gd32f30x_hd.o(.text)
    TIMER7_Channel_IRQHandler                0x0800289b   Thumb Code     0  startup_gd32f30x_hd.o(.text)
    TIMER7_TRG_CMT_IRQHandler                0x0800289b   Thumb Code     0  startup_gd32f30x_hd.o(.text)
    TIMER7_UP_IRQHandler                     0x0800289b   Thumb Code     0  startup_gd32f30x_hd.o(.text)
    UART3_IRQHandler                         0x0800289b   Thumb Code     0  startup_gd32f30x_hd.o(.text)
    UART4_IRQHandler                         0x0800289b   Thumb Code     0  startup_gd32f30x_hd.o(.text)
    USART0_IRQHandler                        0x0800289b   Thumb Code     0  startup_gd32f30x_hd.o(.text)
    USART2_IRQHandler                        0x0800289b   Thumb Code     0  startup_gd32f30x_hd.o(.text)
    USBD_HP_CAN0_TX_IRQHandler               0x0800289b   Thumb Code     0  startup_gd32f30x_hd.o(.text)
    USBD_LP_CAN0_RX0_IRQHandler              0x0800289b   Thumb Code     0  startup_gd32f30x_hd.o(.text)
    USBD_WKUP_IRQHandler                     0x0800289b   Thumb Code     0  startup_gd32f30x_hd.o(.text)
    WWDGT_IRQHandler                         0x0800289b   Thumb Code     0  startup_gd32f30x_hd.o(.text)
    __user_initial_stackheap                 0x0800289d   Thumb Code    10  startup_gd32f30x_hd.o(.text)
    get_pin                                  0x080028c1   Thumb Code    22  drv_gpio.o(.text)
    GD32_GPIO_EXTI_IRQHandler                0x08002ae9   Thumb Code    48  drv_gpio.o(.text)
    EXTI0_IRQHandler                         0x08002b19   Thumb Code    20  drv_gpio.o(.text)
    EXTI1_IRQHandler                         0x08002b2d   Thumb Code    20  drv_gpio.o(.text)
    EXTI2_IRQHandler                         0x08002b41   Thumb Code    20  drv_gpio.o(.text)
    EXTI3_IRQHandler                         0x08002b55   Thumb Code    20  drv_gpio.o(.text)
    EXTI4_IRQHandler                         0x08002b69   Thumb Code    20  drv_gpio.o(.text)
    EXTI5_9_IRQHandler                       0x08002b7d   Thumb Code    44  drv_gpio.o(.text)
    EXTI10_15_IRQHandler                     0x08002ba9   Thumb Code    50  drv_gpio.o(.text)
    rt_hw_pin_init                           0x08002bdb   Thumb Code    34  drv_gpio.o(.text)
    USART1_IRQHandler                        0x08002c31   Thumb Code    68  drv_usart.o(.text)
    gd32_uart_gpio_init                      0x08002c75   Thumb Code    90  drv_usart.o(.text)
    rt_hw_usart_init                         0x08002e2d   Thumb Code    62  drv_usart.o(.text)
    finsh_set_prompt                         0x08002ed5   Thumb Code    46  shell.o(.text)
    finsh_get_prompt                         0x08002f03   Thumb Code    56  shell.o(.text)
    finsh_get_prompt_mode                    0x08002f3b   Thumb Code    30  shell.o(.text)
    finsh_set_prompt_mode                    0x08002f59   Thumb Code    36  shell.o(.text)
    finsh_getchar                            0x08002f7d   Thumb Code    90  shell.o(.text)
    finsh_set_device                         0x08002ff5   Thumb Code   136  shell.o(.text)
    finsh_get_device                         0x0800307d   Thumb Code    28  shell.o(.text)
    finsh_set_echo                           0x08003099   Thumb Code    38  shell.o(.text)
    finsh_get_echo                           0x080030bf   Thumb Code    34  shell.o(.text)
    finsh_thread_entry                       0x08003195   Thumb Code   828  shell.o(.text)
    finsh_system_function_init               0x080034d1   Thumb Code     8  shell.o(.text)
    finsh_system_init                        0x080034d9   Thumb Code    94  shell.o(.text)
    msh_help                                 0x080035b1   Thumb Code    44  msh.o(.text)
    cmd_ps                                   0x080035dd   Thumb Code    10  msh.o(.text)
    cmd_free                                 0x080035e7   Thumb Code    48  msh.o(.text)
    msh_exec                                 0x08003617   Thumb Code    74  msh.o(.text)
    msh_auto_complete                        0x08003661   Thumb Code   134  msh.o(.text)
    version                                  0x080038e5   Thumb Code    10  cmd.o(.text)
    list_thread                              0x08003955   Thumb Code   248  cmd.o(.text)
    list_sem                                 0x08003a4d   Thumb Code   186  cmd.o(.text)
    list_event                               0x08003b07   Thumb Code   180  cmd.o(.text)
    list_mutex                               0x08003bbb   Thumb Code   146  cmd.o(.text)
    list_mailbox                             0x08003c4d   Thumb Code   794  cmd.o(.text)
    list_msgqueue                            0x08003f67   Thumb Code   184  cmd.o(.text)
    list_mempool                             0x0800401f   Thumb Code   200  cmd.o(.text)
    list_timer                               0x080040e7   Thumb Code   176  cmd.o(.text)
    list_device                              0x08004197   Thumb Code   150  cmd.o(.text)
    rt_tick_sethook                          0x08004519   Thumb Code     6  clock.o(.text)
    rt_tick_get                              0x0800451f   Thumb Code     6  clock.o(.text)
    rt_tick_set                              0x08004525   Thumb Code    20  clock.o(.text)
    rt_tick_increase                         0x08004539   Thumb Code    74  clock.o(.text)
    rt_tick_from_millisecond                 0x08004583   Thumb Code    52  clock.o(.text)
    rt_tick_get_millisecond                  0x080045b7   Thumb Code    12  clock.o(.text)
    rt_components_board_init                 0x080045d9   Thumb Code    20  components.o(.text)
    rt_components_init                       0x080045ed   Thumb Code    20  components.o(.text)
    main_thread_entry                        0x08004601   Thumb Code    14  components.o(.text)
    rt_application_init                      0x0800460f   Thumb Code    50  components.o(.text)
    rtthread_startup                         0x08004641   Thumb Code    42  components.o(.text)
    main                                     0x0800466b   Thumb Code    10  components.o(.text)
    rt_device_find                           0x0800469d   Thumb Code     6  device.o(.text)
    rt_device_register                       0x080046a3   Thumb Code    50  device.o(.text)
    rt_device_unregister                     0x080046d5   Thumb Code    64  device.o(.text)
    rt_device_create                         0x08004715   Thumb Code    34  device.o(.text)
    rt_device_destroy                        0x08004737   Thumb Code    76  device.o(.text)
    rt_device_init                           0x08004783   Thumb Code    64  device.o(.text)
    rt_device_open                           0x080047c3   Thumb Code   166  device.o(.text)
    rt_device_close                          0x08004869   Thumb Code    96  device.o(.text)
    rt_device_read                           0x080048c9   Thumb Code    98  device.o(.text)
    rt_device_write                          0x0800492b   Thumb Code    98  device.o(.text)
    rt_device_control                        0x0800498d   Thumb Code    70  device.o(.text)
    rt_device_set_rx_indicate                0x080049d3   Thumb Code    52  device.o(.text)
    rt_device_set_tx_complete                0x08004a07   Thumb Code    52  device.o(.text)
    rt_thread_idle_sethook                   0x08004b35   Thumb Code    50  idle.o(.text)
    rt_thread_idle_delhook                   0x08004b67   Thumb Code    52  idle.o(.text)
    rt_thread_defunct_enqueue                0x08004b9b   Thumb Code    18  idle.o(.text)
    rt_thread_defunct_dequeue                0x08004bad   Thumb Code    44  idle.o(.text)
    rt_thread_idle_init                      0x08004c1f   Thumb Code    52  idle.o(.text)
    rt_thread_idle_gethandler                0x08004c53   Thumb Code     6  idle.o(.text)
    rt_sem_init                              0x08004ccf   Thumb Code    94  ipc.o(.text)
    rt_sem_detach                            0x08004d2d   Thumb Code    84  ipc.o(.text)
    rt_sem_create                            0x08004d81   Thumb Code   118  ipc.o(.text)
    rt_sem_delete                            0x08004df7   Thumb Code   126  ipc.o(.text)
    rt_sem_take                              0x08004e75   Thumb Code   300  ipc.o(.text)
    rt_sem_trytake                           0x08004fa1   Thumb Code     4  ipc.o(.text)
    rt_sem_release                           0x08004fa5   Thumb Code   122  ipc.o(.text)
    rt_sem_control                           0x0800501f   Thumb Code   458  ipc.o(.text)
    rt_mutex_init                            0x080051e9   Thumb Code    58  ipc.o(.text)
    rt_mutex_detach                          0x08005223   Thumb Code    84  ipc.o(.text)
    rt_mutex_create                          0x08005277   Thumb Code    88  ipc.o(.text)
    rt_mutex_delete                          0x080052cf   Thumb Code   130  ipc.o(.text)
    rt_mutex_take                            0x08005351   Thumb Code   384  ipc.o(.text)
    rt_mutex_trytake                         0x080054d1   Thumb Code     4  ipc.o(.text)
    rt_mutex_release                         0x080054d5   Thumb Code   468  ipc.o(.text)
    rt_mutex_control                         0x080056a9   Thumb Code    48  ipc.o(.text)
    rt_event_init                            0x080056d9   Thumb Code    72  ipc.o(.text)
    rt_event_detach                          0x08005721   Thumb Code    84  ipc.o(.text)
    rt_event_create                          0x08005775   Thumb Code   102  ipc.o(.text)
    rt_event_delete                          0x080057db   Thumb Code   130  ipc.o(.text)
    rt_event_send                            0x0800585d   Thumb Code   196  ipc.o(.text)
    rt_event_recv                            0x08005921   Thumb Code   588  ipc.o(.text)
    rt_event_control                         0x08005b6d   Thumb Code    86  ipc.o(.text)
    rt_mb_init                               0x08005bc3   Thumb Code    92  ipc.o(.text)
    rt_mb_detach                             0x08005c1f   Thumb Code    92  ipc.o(.text)
    rt_mb_create                             0x08005c7b   Thumb Code   144  ipc.o(.text)
    rt_mb_delete                             0x08005d0b   Thumb Code   144  ipc.o(.text)
    rt_mb_send_wait                          0x08005d9b   Thumb Code   432  ipc.o(.text)
    rt_mb_send                               0x08005f4b   Thumb Code     4  ipc.o(.text)
    rt_mb_urgent                             0x08005f4f   Thumb Code   286  ipc.o(.text)
    rt_mb_recv                               0x0800606d   Thumb Code   450  ipc.o(.text)
    rt_mb_control                            0x0800622f   Thumb Code   102  ipc.o(.text)
    rt_mq_init                               0x08006295   Thumb Code   142  ipc.o(.text)
    rt_mq_detach                             0x08006323   Thumb Code    92  ipc.o(.text)
    rt_mq_create                             0x0800637f   Thumb Code   282  ipc.o(.text)
    rt_mq_delete                             0x08006499   Thumb Code   134  ipc.o(.text)
    rt_mq_send_wait                          0x0800651f   Thumb Code   506  ipc.o(.text)
    rt_mq_send                               0x08006719   Thumb Code     4  ipc.o(.text)
    rt_mq_urgent                             0x0800671d   Thumb Code   222  ipc.o(.text)
    rt_mq_recv                               0x080067fb   Thumb Code   622  ipc.o(.text)
    rt_mq_control                            0x08006a69   Thumb Code   124  ipc.o(.text)
    rt_interrupt_enter_sethook               0x08006b41   Thumb Code     6  irq.o(.text)
    rt_interrupt_leave_sethook               0x08006b47   Thumb Code     6  irq.o(.text)
    rt_interrupt_enter                       0x08006b4d   Thumb Code    32  irq.o(.text)
    rt_interrupt_leave                       0x08006b6d   Thumb Code    32  irq.o(.text)
    rt_interrupt_get_nest                    0x08006b8d   Thumb Code    18  irq.o(.text)
    rt_hw_console_output                     0x08006ba5   Thumb Code     2  kservice.o(.text)
    rt_vsnprintf                             0x08006cd5   Thumb Code   632  kservice.o(.text)
    rt_kprintf                               0x08006f4d   Thumb Code    56  kservice.o(.text)
    rt_hw_us_delay                           0x08006f85   Thumb Code    10  kservice.o(.text)
    rt_get_errno                             0x08006f8f   Thumb Code    24  kservice.o(.text)
    rt_set_errno                             0x08006fa7   Thumb Code    26  kservice.o(.text)
    _rt_errno                                0x08006fc1   Thumb Code    24  kservice.o(.text)
    rt_memset                                0x08006fd9   Thumb Code    70  kservice.o(.text)
    rt_memcpy                                0x0800701f   Thumb Code    76  kservice.o(.text)
    rt_memmove                               0x0800706b   Thumb Code    48  kservice.o(.text)
    rt_memcmp                                0x0800709b   Thumb Code    28  kservice.o(.text)
    rt_strlen                                0x080070b7   Thumb Code    16  kservice.o(.text)
    rt_strstr                                0x080070c7   Thumb Code    54  kservice.o(.text)
    rt_strcasecmp                            0x080070fd   Thumb Code    44  kservice.o(.text)
    rt_strncpy                               0x08007129   Thumb Code    38  kservice.o(.text)
    rt_strcpy                                0x0800714f   Thumb Code    26  kservice.o(.text)
    rt_strncmp                               0x08007169   Thumb Code    32  kservice.o(.text)
    rt_strcmp                                0x08007189   Thumb Code    24  kservice.o(.text)
    rt_strnlen                               0x080071a1   Thumb Code    20  kservice.o(.text)
    strnlen                                  0x080071a1   Thumb Code     0  kservice.o(.text)
    rt_assert_handler                        0x080071b5   Thumb Code    46  kservice.o(.text)
    rt_malloc                                0x080071e3   Thumb Code    46  kservice.o(.text)
    rt_strdup                                0x08007211   Thumb Code   116  kservice.o(.text)
    strdup                                   0x08007211   Thumb Code     0  kservice.o(.text)
    rt_show_version                          0x08007285   Thumb Code    42  kservice.o(.text)
    rt_snprintf                              0x080072af   Thumb Code    14  kservice.o(.text)
    rt_vsprintf                              0x080072bd   Thumb Code    16  kservice.o(.text)
    rt_sprintf                               0x080072cd   Thumb Code    14  kservice.o(.text)
    rt_console_get_device                    0x080072db   Thumb Code     6  kservice.o(.text)
    rt_console_set_device                    0x080072e1   Thumb Code    44  kservice.o(.text)
    rt_kputs                                 0x0800730d   Thumb Code    42  kservice.o(.text)
    rt_malloc_sethook                        0x08007337   Thumb Code     6  kservice.o(.text)
    rt_free_sethook                          0x0800733d   Thumb Code     6  kservice.o(.text)
    rt_system_heap_init                      0x08007343   Thumb Code    58  kservice.o(.text)
    rt_realloc                               0x0800737d   Thumb Code    36  kservice.o(.text)
    rt_calloc                                0x080073a1   Thumb Code    26  kservice.o(.text)
    rt_free                                  0x080073bb   Thumb Code    36  kservice.o(.text)
    rt_memory_info                           0x080073df   Thumb Code    50  kservice.o(.text)
    rt_malloc_align                          0x08007411   Thumb Code    50  kservice.o(.text)
    rt_free_align                            0x08007443   Thumb Code    12  kservice.o(.text)
    __rt_ffs                                 0x0800744f   Thumb Code    64  kservice.o(.text)
    rt_assert_set_hook                       0x0800748f   Thumb Code     6  kservice.o(.text)
    rt_smem_init                             0x0800765d   Thumb Code   144  mem.o(.text)
    rt_smem_detach                           0x080076ed   Thumb Code    72  mem.o(.text)
    rt_smem_alloc                            0x08007735   Thumb Code   332  mem.o(.text)
    rt_smem_free                             0x08007881   Thumb Code   210  mem.o(.text)
    rt_smem_realloc                          0x08007953   Thumb Code   844  mem.o(.text)
    rt_object_attach_sethook                 0x08007d15   Thumb Code     6  object.o(.text)
    rt_object_detach_sethook                 0x08007d1b   Thumb Code     6  object.o(.text)
    rt_object_trytake_sethook                0x08007d21   Thumb Code     6  object.o(.text)
    rt_object_take_sethook                   0x08007d27   Thumb Code     6  object.o(.text)
    rt_object_put_sethook                    0x08007d2d   Thumb Code     6  object.o(.text)
    rt_object_get_information                0x08007d33   Thumb Code    32  object.o(.text)
    rt_object_get_length                     0x08007d53   Thumb Code    46  object.o(.text)
    rt_object_get_pointers                   0x08007d81   Thumb Code    70  object.o(.text)
    rt_object_init                           0x08007dc7   Thumb Code   128  object.o(.text)
    rt_object_detach                         0x08007e47   Thumb Code    58  object.o(.text)
    rt_object_allocate                       0x08007e81   Thumb Code   148  object.o(.text)
    rt_object_delete                         0x08007f15   Thumb Code    84  object.o(.text)
    rt_object_is_systemobject                0x08007f69   Thumb Code    34  object.o(.text)
    rt_object_get_type                       0x08007f8b   Thumb Code    28  object.o(.text)
    rt_object_find                           0x08007fa7   Thumb Code   110  object.o(.text)
    rt_scheduler_sethook                     0x080080d1   Thumb Code     6  scheduler.o(.text)
    rt_scheduler_switch_sethook              0x080080d7   Thumb Code     6  scheduler.o(.text)
    rt_system_scheduler_init                 0x080080dd   Thumb Code    30  scheduler.o(.text)
    rt_schedule_remove_thread                0x080080fb   Thumb Code    78  scheduler.o(.text)
    rt_system_scheduler_start                0x08008149   Thumb Code    36  scheduler.o(.text)
    rt_schedule_insert_thread                0x0800816d   Thumb Code   106  scheduler.o(.text)
    rt_schedule                              0x080081d7   Thumb Code   212  scheduler.o(.text)
    rt_enter_critical                        0x080082ab   Thumb Code    22  scheduler.o(.text)
    rt_exit_critical                         0x080082c1   Thumb Code    50  scheduler.o(.text)
    rt_critical_level                        0x080082f3   Thumb Code     8  scheduler.o(.text)
    rt_thread_suspend_sethook                0x080083f1   Thumb Code     6  thread.o(.text)
    rt_thread_resume_sethook                 0x080083f7   Thumb Code     6  thread.o(.text)
    rt_thread_inited_sethook                 0x080083fd   Thumb Code     6  thread.o(.text)
    rt_thread_self                           0x08008403   Thumb Code     6  thread.o(.text)
    rt_thread_init                           0x08008529   Thumb Code    88  thread.o(.text)
    rt_thread_resume                         0x08008581   Thumb Code   110  thread.o(.text)
    rt_thread_startup                        0x080085ef   Thumb Code   102  thread.o(.text)
    rt_thread_detach                         0x08008655   Thumb Code   124  thread.o(.text)
    rt_thread_create                         0x080086d1   Thumb Code    72  thread.o(.text)
    rt_thread_delete                         0x08008719   Thumb Code   124  thread.o(.text)
    rt_thread_yield                          0x08008795   Thumb Code    40  thread.o(.text)
    rt_thread_suspend                        0x080087bd   Thumb Code   472  thread.o(.text)
    rt_thread_sleep                          0x08008995   Thumb Code   106  thread.o(.text)
    rt_thread_delay                          0x080089ff   Thumb Code     2  thread.o(.text)
    rt_thread_delay_until                    0x08008a01   Thumb Code   162  thread.o(.text)
    rt_thread_mdelay                         0x08008aa3   Thumb Code    12  thread.o(.text)
    rt_thread_control                        0x08008aaf   Thumb Code   168  thread.o(.text)
    rt_thread_find                           0x08008b57   Thumb Code     6  thread.o(.text)
    rt_timer_enter_sethook                   0x08008bad   Thumb Code     6  timer.o(.text)
    rt_timer_exit_sethook                    0x08008bb3   Thumb Code     6  timer.o(.text)
    rt_timer_init                            0x08008bb9   Thumb Code    92  timer.o(.text)
    rt_timer_detach                          0x08008c15   Thumb Code   102  timer.o(.text)
    rt_timer_create                          0x08008c7b   Thumb Code    84  timer.o(.text)
    rt_timer_delete                          0x08008ccf   Thumb Code   102  timer.o(.text)
    rt_timer_start                           0x08008d35   Thumb Code   174  timer.o(.text)
    rt_timer_stop                            0x08008de3   Thumb Code    96  timer.o(.text)
    rt_timer_control                         0x08008e43   Thumb Code   148  timer.o(.text)
    rt_timer_check                           0x08008ed7   Thumb Code   156  timer.o(.text)
    rt_timer_next_timeout_tick               0x08008f73   Thumb Code   310  timer.o(.text)
    rt_system_timer_init                     0x080090a9   Thumb Code     8  timer.o(.text)
    rt_system_timer_thread_init              0x080090b1   Thumb Code     2  timer.o(.text)
    SystemInit                               0x080091a3   Thumb Code    78  system_gd32f30x.o(.text)
    SystemCoreClockUpdate                    0x080091f1   Thumb Code   134  system_gd32f30x.o(.text)
    rcu_flag_get                             0x080092b1   Thumb Code    28  gd32f30x_rcu.o(.text)
    rcu_osci_stab_wait                       0x080092cd   Thumb Code   206  gd32f30x_rcu.o(.text)
    rcu_deinit                               0x0800939b   Thumb Code    58  gd32f30x_rcu.o(.text)
    rcu_periph_clock_enable                  0x080093d5   Thumb Code    22  gd32f30x_rcu.o(.text)
    rcu_periph_clock_disable                 0x080093eb   Thumb Code    22  gd32f30x_rcu.o(.text)
    rcu_periph_clock_sleep_enable            0x08009401   Thumb Code    22  gd32f30x_rcu.o(.text)
    rcu_periph_clock_sleep_disable           0x08009417   Thumb Code    22  gd32f30x_rcu.o(.text)
    rcu_periph_reset_enable                  0x0800942d   Thumb Code    22  gd32f30x_rcu.o(.text)
    rcu_periph_reset_disable                 0x08009443   Thumb Code    22  gd32f30x_rcu.o(.text)
    rcu_bkp_reset_enable                     0x08009459   Thumb Code    12  gd32f30x_rcu.o(.text)
    rcu_bkp_reset_disable                    0x08009465   Thumb Code    12  gd32f30x_rcu.o(.text)
    rcu_system_clock_source_config           0x08009471   Thumb Code    14  gd32f30x_rcu.o(.text)
    rcu_system_clock_source_get              0x0800947f   Thumb Code    10  gd32f30x_rcu.o(.text)
    rcu_ahb_clock_config                     0x08009489   Thumb Code    14  gd32f30x_rcu.o(.text)
    rcu_apb1_clock_config                    0x08009497   Thumb Code    14  gd32f30x_rcu.o(.text)
    rcu_apb2_clock_config                    0x080094a5   Thumb Code    14  gd32f30x_rcu.o(.text)
    rcu_ckout0_config                        0x080094b3   Thumb Code    14  gd32f30x_rcu.o(.text)
    rcu_pll_config                           0x080094c1   Thumb Code    18  gd32f30x_rcu.o(.text)
    rcu_pllpresel_config                     0x080094d3   Thumb Code    14  gd32f30x_rcu.o(.text)
    rcu_predv0_config                        0x080094e1   Thumb Code    20  gd32f30x_rcu.o(.text)
    rcu_adc_clock_config                     0x080094f5   Thumb Code    74  gd32f30x_rcu.o(.text)
    rcu_usb_clock_config                     0x0800953f   Thumb Code    14  gd32f30x_rcu.o(.text)
    rcu_rtc_clock_config                     0x0800954d   Thumb Code    14  gd32f30x_rcu.o(.text)
    rcu_ck48m_clock_config                   0x0800955b   Thumb Code    16  gd32f30x_rcu.o(.text)
    rcu_all_reset_flag_clear                 0x0800956b   Thumb Code    12  gd32f30x_rcu.o(.text)
    rcu_interrupt_flag_get                   0x08009577   Thumb Code    28  gd32f30x_rcu.o(.text)
    rcu_interrupt_flag_clear                 0x08009593   Thumb Code    22  gd32f30x_rcu.o(.text)
    rcu_interrupt_enable                     0x080095a9   Thumb Code    22  gd32f30x_rcu.o(.text)
    rcu_interrupt_disable                    0x080095bf   Thumb Code    22  gd32f30x_rcu.o(.text)
    rcu_lxtal_drive_capability_config        0x080095d5   Thumb Code    14  gd32f30x_rcu.o(.text)
    rcu_osci_on                              0x080095e3   Thumb Code    22  gd32f30x_rcu.o(.text)
    rcu_osci_off                             0x080095f9   Thumb Code    22  gd32f30x_rcu.o(.text)
    rcu_osci_bypass_mode_enable              0x0800960f   Thumb Code    54  gd32f30x_rcu.o(.text)
    rcu_osci_bypass_mode_disable             0x08009645   Thumb Code    54  gd32f30x_rcu.o(.text)
    rcu_hxtal_clock_monitor_enable           0x0800967b   Thumb Code    12  gd32f30x_rcu.o(.text)
    rcu_hxtal_clock_monitor_disable          0x08009687   Thumb Code    38  gd32f30x_rcu.o(.text)
    rcu_irc8m_adjust_value_set               0x080096ad   Thumb Code    20  gd32f30x_rcu.o(.text)
    rcu_deepsleep_voltage_set                0x080096c1   Thumb Code    10  gd32f30x_rcu.o(.text)
    rcu_clock_freq_get                       0x080096cb   Thumb Code   222  gd32f30x_rcu.o(.text)
    usart_deinit                             0x080097c9   Thumb Code    80  gd32f30x_usart.o(.text)
    usart_baudrate_set                       0x08009819   Thumb Code    78  gd32f30x_usart.o(.text)
    usart_parity_config                      0x08009867   Thumb Code    16  gd32f30x_usart.o(.text)
    usart_word_length_set                    0x08009877   Thumb Code    16  gd32f30x_usart.o(.text)
    usart_stop_bit_set                       0x08009887   Thumb Code    16  gd32f30x_usart.o(.text)
    usart_enable                             0x08009897   Thumb Code    10  gd32f30x_usart.o(.text)
    usart_disable                            0x080098a1   Thumb Code    10  gd32f30x_usart.o(.text)
    usart_transmit_config                    0x080098ab   Thumb Code    12  gd32f30x_usart.o(.text)
    usart_receive_config                     0x080098b7   Thumb Code    12  gd32f30x_usart.o(.text)
    usart_data_first_config                  0x080098c3   Thumb Code    18  gd32f30x_usart.o(.text)
    usart_invert_config                      0x080098d5   Thumb Code    76  gd32f30x_usart.o(.text)
    usart_receiver_timeout_enable            0x08009921   Thumb Code    12  gd32f30x_usart.o(.text)
    usart_receiver_timeout_disable           0x0800992d   Thumb Code    12  gd32f30x_usart.o(.text)
    usart_receiver_timeout_threshold_config  0x08009939   Thumb Code    18  gd32f30x_usart.o(.text)
    usart_data_transmit                      0x0800994b   Thumb Code     8  gd32f30x_usart.o(.text)
    usart_data_receive                       0x08009953   Thumb Code     8  gd32f30x_usart.o(.text)
    usart_address_config                     0x0800995b   Thumb Code    20  gd32f30x_usart.o(.text)
    usart_mute_mode_enable                   0x0800996f   Thumb Code    10  gd32f30x_usart.o(.text)
    usart_mute_mode_disable                  0x08009979   Thumb Code    10  gd32f30x_usart.o(.text)
    usart_mute_mode_wakeup_config            0x08009983   Thumb Code    16  gd32f30x_usart.o(.text)
    usart_lin_mode_enable                    0x08009993   Thumb Code    10  gd32f30x_usart.o(.text)
    usart_lin_mode_disable                   0x0800999d   Thumb Code    10  gd32f30x_usart.o(.text)
    usart_lin_break_detection_length_config  0x080099a7   Thumb Code    20  gd32f30x_usart.o(.text)
    usart_send_break                         0x080099bb   Thumb Code    10  gd32f30x_usart.o(.text)
    usart_halfduplex_enable                  0x080099c5   Thumb Code    10  gd32f30x_usart.o(.text)
    usart_halfduplex_disable                 0x080099cf   Thumb Code    10  gd32f30x_usart.o(.text)
    usart_synchronous_clock_enable           0x080099d9   Thumb Code    10  gd32f30x_usart.o(.text)
    usart_synchronous_clock_disable          0x080099e3   Thumb Code    10  gd32f30x_usart.o(.text)
    usart_synchronous_clock_config           0x080099ed   Thumb Code    30  gd32f30x_usart.o(.text)
    usart_guard_time_config                  0x08009a0b   Thumb Code    24  gd32f30x_usart.o(.text)
    usart_smartcard_mode_enable              0x08009a23   Thumb Code    10  gd32f30x_usart.o(.text)
    usart_smartcard_mode_disable             0x08009a2d   Thumb Code    10  gd32f30x_usart.o(.text)
    usart_smartcard_mode_nack_enable         0x08009a37   Thumb Code    10  gd32f30x_usart.o(.text)
    usart_smartcard_mode_nack_disable        0x08009a41   Thumb Code    10  gd32f30x_usart.o(.text)
    usart_smartcard_autoretry_config         0x08009a4b   Thumb Code    24  gd32f30x_usart.o(.text)
    usart_block_length_config                0x08009a63   Thumb Code    20  gd32f30x_usart.o(.text)
    usart_irda_mode_enable                   0x08009a77   Thumb Code    10  gd32f30x_usart.o(.text)
    usart_irda_mode_disable                  0x08009a81   Thumb Code    10  gd32f30x_usart.o(.text)
    usart_prescaler_config                   0x08009a8b   Thumb Code    16  gd32f30x_usart.o(.text)
    usart_irda_lowpower_config               0x08009a9b   Thumb Code    20  gd32f30x_usart.o(.text)
    usart_hardware_flow_rts_config           0x08009aaf   Thumb Code    12  gd32f30x_usart.o(.text)
    usart_hardware_flow_cts_config           0x08009abb   Thumb Code    12  gd32f30x_usart.o(.text)
    usart_dma_receive_config                 0x08009ac7   Thumb Code    12  gd32f30x_usart.o(.text)
    usart_dma_transmit_config                0x08009ad3   Thumb Code    12  gd32f30x_usart.o(.text)
    usart_flag_get                           0x08009adf   Thumb Code    22  gd32f30x_usart.o(.text)
    usart_flag_clear                         0x08009af5   Thumb Code    20  gd32f30x_usart.o(.text)
    usart_interrupt_enable                   0x08009b09   Thumb Code    20  gd32f30x_usart.o(.text)
    usart_interrupt_disable                  0x08009b1d   Thumb Code    20  gd32f30x_usart.o(.text)
    usart_interrupt_flag_get                 0x08009b31   Thumb Code    46  gd32f30x_usart.o(.text)
    usart_interrupt_flag_clear               0x08009b5f   Thumb Code    20  gd32f30x_usart.o(.text)
    exti_deinit                              0x08009b7d   Thumb Code    24  gd32f30x_exti.o(.text)
    exti_init                                0x08009b95   Thumb Code    98  gd32f30x_exti.o(.text)
    exti_interrupt_enable                    0x08009bf7   Thumb Code    10  gd32f30x_exti.o(.text)
    exti_event_enable                        0x08009c01   Thumb Code    12  gd32f30x_exti.o(.text)
    exti_interrupt_disable                   0x08009c0d   Thumb Code    10  gd32f30x_exti.o(.text)
    exti_event_disable                       0x08009c17   Thumb Code    12  gd32f30x_exti.o(.text)
    exti_flag_get                            0x08009c23   Thumb Code    18  gd32f30x_exti.o(.text)
    exti_flag_clear                          0x08009c35   Thumb Code     8  gd32f30x_exti.o(.text)
    exti_interrupt_flag_get                  0x08009c3d   Thumb Code    28  gd32f30x_exti.o(.text)
    exti_interrupt_flag_clear                0x08009c59   Thumb Code     8  gd32f30x_exti.o(.text)
    exti_software_interrupt_enable           0x08009c61   Thumb Code    12  gd32f30x_exti.o(.text)
    exti_software_interrupt_disable          0x08009c6d   Thumb Code    12  gd32f30x_exti.o(.text)
    gpio_deinit                              0x08009c7d   Thumb Code   102  gd32f30x_gpio.o(.text)
    gpio_afio_deinit                         0x08009ce3   Thumb Code    22  gd32f30x_gpio.o(.text)
    gpio_init                                0x08009cf9   Thumb Code   166  gd32f30x_gpio.o(.text)
    gpio_bit_set                             0x08009d9f   Thumb Code     4  gd32f30x_gpio.o(.text)
    gpio_bit_reset                           0x08009da3   Thumb Code     4  gd32f30x_gpio.o(.text)
    gpio_bit_write                           0x08009da7   Thumb Code    10  gd32f30x_gpio.o(.text)
    gpio_port_write                          0x08009db1   Thumb Code     4  gd32f30x_gpio.o(.text)
    gpio_input_bit_get                       0x08009db5   Thumb Code    10  gd32f30x_gpio.o(.text)
    gpio_input_port_get                      0x08009dbf   Thumb Code     6  gd32f30x_gpio.o(.text)
    gpio_output_bit_get                      0x08009dc5   Thumb Code    10  gd32f30x_gpio.o(.text)
    gpio_output_port_get                     0x08009dcf   Thumb Code     6  gd32f30x_gpio.o(.text)
    gpio_pin_remap_config                    0x08009dd5   Thumb Code    82  gd32f30x_gpio.o(.text)
    gpio_exti_source_select                  0x08009e27   Thumb Code    82  gd32f30x_gpio.o(.text)
    gpio_event_output_config                 0x08009e79   Thumb Code    18  gd32f30x_gpio.o(.text)
    gpio_event_output_enable                 0x08009e8b   Thumb Code    12  gd32f30x_gpio.o(.text)
    gpio_event_output_disable                0x08009e97   Thumb Code    12  gd32f30x_gpio.o(.text)
    gpio_pin_lock                            0x08009ea3   Thumb Code    16  gd32f30x_gpio.o(.text)
    gpio_compensation_config                 0x08009eb3   Thumb Code    14  gd32f30x_gpio.o(.text)
    gpio_compensation_flag_get               0x08009ec1   Thumb Code    16  gd32f30x_gpio.o(.text)
    nvic_priority_group_set                  0x08009edd   Thumb Code    10  gd32f30x_misc.o(.text)
    nvic_irq_enable                          0x08009ee7   Thumb Code   144  gd32f30x_misc.o(.text)
    nvic_irq_disable                         0x08009f77   Thumb Code    22  gd32f30x_misc.o(.text)
    nvic_vector_table_set                    0x08009f8d   Thumb Code    14  gd32f30x_misc.o(.text)
    system_lowpower_set                      0x08009f9b   Thumb Code    12  gd32f30x_misc.o(.text)
    system_lowpower_reset                    0x08009fa7   Thumb Code    12  gd32f30x_misc.o(.text)
    systick_clksource_set                    0x08009fb3   Thumb Code    24  gd32f30x_misc.o(.text)
    __semihosting$guard                      0x08009fd9   Thumb Code     0  use_no_semi.o(.text)
    __use_no_semihosting_swi                 0x08009fd9   Thumb Code     2  use_no_semi.o(.text)
    memcmp                                   0x08009fdb   Thumb Code    88  memcmp.o(.text)
    strcpy                                   0x0800a033   Thumb Code    72  strcpy.o(.text)
    strlen                                   0x0800a07b   Thumb Code    62  strlen.o(.text)
    strncmp                                  0x0800a0b9   Thumb Code   150  strncmp.o(.text)
    strcat                                   0x0800a14f   Thumb Code    24  strcat.o(.text)
    strncpy                                  0x0800a167   Thumb Code    86  strncpy.o(.text)
    strcmp                                   0x0800a1bd   Thumb Code   128  strcmpv7m.o(.text)
    __use_two_region_memory                  0x0800a23d   Thumb Code     2  heapauxi.o(.text)
    __rt_heap_escrow$2region                 0x0800a23f   Thumb Code     2  heapauxi.o(.text)
    __rt_heap_expand$2region                 0x0800a241   Thumb Code     2  heapauxi.o(.text)
    __aeabi_memclr                           0x0800a243   Thumb Code     0  rt_memclr.o(.text)
    __rt_memclr                              0x0800a243   Thumb Code    68  rt_memclr.o(.text)
    _memset                                  0x0800a247   Thumb Code     0  rt_memclr.o(.text)
    __aeabi_memclr4                          0x0800a287   Thumb Code     0  rt_memclr_w.o(.text)
    __aeabi_memclr8                          0x0800a287   Thumb Code     0  rt_memclr_w.o(.text)
    __rt_memclr_w                            0x0800a287   Thumb Code    78  rt_memclr_w.o(.text)
    _memset_w                                0x0800a28b   Thumb Code     0  rt_memclr_w.o(.text)
    __user_setup_stackheap                   0x0800a2d5   Thumb Code    74  sys_stackheap_outer.o(.text)
    exit                                     0x0800a31f   Thumb Code    18  exit.o(.text)
    __user_libspace                          0x0800a331   Thumb Code     8  libspace.o(.text)
    __user_perproc_libspace                  0x0800a331   Thumb Code     0  libspace.o(.text)
    __user_perthread_libspace                0x0800a331   Thumb Code     0  libspace.o(.text)
    _fp_init                                 0x0800a339   Thumb Code    10  fpinit.o(x$fpl$fpinit)
    __fplib_config_fpu_vfp                   0x0800a341   Thumb Code     0  fpinit.o(x$fpl$fpinit)
    __fplib_config_pureend_doubles           0x0800a341   Thumb Code     0  fpinit.o(x$fpl$fpinit)
    __stdin_name                             0x0800a342   Data           6  syscalls.o(.constdata)
    __stdout_name                            0x0800a348   Data           7  syscalls.o(.constdata)
    __stderr_name                            0x0800a34f   Data           7  syscalls.o(.constdata)
    __lowest_bit_bitmap                      0x0800b329   Data         256  kservice.o(.constdata)
    __fsym_help_name                         0x0800bcae   Data           5  msh.o(.rodata.name)
    __fsym_help_desc                         0x0800bcb3   Data          22  msh.o(.rodata.name)
    __fsym_ps_name                           0x0800bcc9   Data           3  msh.o(.rodata.name)
    __fsym_ps_desc                           0x0800bccc   Data          28  msh.o(.rodata.name)
    __fsym_free_name                         0x0800bce8   Data           5  msh.o(.rodata.name)
    __fsym_free_desc                         0x0800bced   Data          37  msh.o(.rodata.name)
    __fsym_clear_name                        0x0800bd12   Data           6  cmd.o(.rodata.name)
    __fsym_clear_desc                        0x0800bd18   Data          26  cmd.o(.rodata.name)
    __fsym_version_name                      0x0800bd32   Data           8  cmd.o(.rodata.name)
    __fsym_version_desc                      0x0800bd3a   Data          35  cmd.o(.rodata.name)
    __fsym_list_thread_name                  0x0800bd5d   Data          12  cmd.o(.rodata.name)
    __fsym_list_thread_desc                  0x0800bd69   Data          12  cmd.o(.rodata.name)
    __fsym_list_sem_name                     0x0800bd75   Data           9  cmd.o(.rodata.name)
    __fsym_list_sem_desc                     0x0800bd7e   Data          25  cmd.o(.rodata.name)
    __fsym_list_event_name                   0x0800bd97   Data          11  cmd.o(.rodata.name)
    __fsym_list_event_desc                   0x0800bda2   Data          21  cmd.o(.rodata.name)
    __fsym_list_mutex_name                   0x0800bdb7   Data          11  cmd.o(.rodata.name)
    __fsym_list_mutex_desc                   0x0800bdc2   Data          21  cmd.o(.rodata.name)
    __fsym_list_mailbox_name                 0x0800bdd7   Data          13  cmd.o(.rodata.name)
    __fsym_list_mailbox_desc                 0x0800bde4   Data          24  cmd.o(.rodata.name)
    __fsym_list_msgqueue_name                0x0800bdfc   Data          14  cmd.o(.rodata.name)
    __fsym_list_msgqueue_desc                0x0800be0a   Data          29  cmd.o(.rodata.name)
    __fsym_list_mempool_name                 0x0800be27   Data          13  cmd.o(.rodata.name)
    __fsym_list_mempool_desc                 0x0800be34   Data          27  cmd.o(.rodata.name)
    __fsym_list_timer_name                   0x0800be4f   Data          11  cmd.o(.rodata.name)
    __fsym_list_timer_desc                   0x0800be5a   Data          21  cmd.o(.rodata.name)
    __fsym_list_device_name                  0x0800be6f   Data          12  cmd.o(.rodata.name)
    __fsym_list_device_desc                  0x0800be7b   Data          22  cmd.o(.rodata.name)
    __rt_init_rti_start                      0x0800be94   Data           4  components.o(.rti_fn.0)
    __rt_init_rti_board_start                0x0800be98   Data           4  components.o(.rti_fn.0.end)
    __rt_init_rt_hw_pin_init                 0x0800be9c   Data           4  drv_gpio.o(.rti_fn.1)
    __rt_init_rt_hw_usart_init               0x0800bea0   Data           4  drv_usart.o(.rti_fn.1)
    __rt_init_rti_board_end                  0x0800bea4   Data           4  components.o(.rti_fn.1.end)
    __rt_init_rt_work_sys_workqueue_init     0x0800bea8   Data           4  workqueue.o(.rti_fn.2)
    __rt_init_finsh_system_init              0x0800beac   Data           4  shell.o(.rti_fn.6)
    __rt_init_rti_end                        0x0800beb0   Data           4  components.o(.rti_fn.6.end)
    FSymTab$$Base                            0x0800beb4   Number         0  msh.o(FSymTab)
    __fsym_help                              0x0800beb4   Data          12  msh.o(FSymTab)
    __fsym_ps                                0x0800bec0   Data          12  msh.o(FSymTab)
    __fsym_free                              0x0800becc   Data          12  msh.o(FSymTab)
    __fsym_clear                             0x0800bed8   Data          12  cmd.o(FSymTab)
    __fsym_version                           0x0800bee4   Data          12  cmd.o(FSymTab)
    __fsym_list_thread                       0x0800bef0   Data          12  cmd.o(FSymTab)
    __fsym_list_sem                          0x0800befc   Data          12  cmd.o(FSymTab)
    __fsym_list_event                        0x0800bf08   Data          12  cmd.o(FSymTab)
    __fsym_list_mutex                        0x0800bf14   Data          12  cmd.o(FSymTab)
    __fsym_list_mailbox                      0x0800bf20   Data          12  cmd.o(FSymTab)
    __fsym_list_msgqueue                     0x0800bf2c   Data          12  cmd.o(FSymTab)
    __fsym_list_mempool                      0x0800bf38   Data          12  cmd.o(FSymTab)
    __fsym_list_timer                        0x0800bf44   Data          12  cmd.o(FSymTab)
    __fsym_list_device                       0x0800bf50   Data          12  cmd.o(FSymTab)
    FSymTab$$Limit                           0x0800bf5c   Number         0  cmd.o(FSymTab)
    Region$$Table$$Base                      0x0800bf5c   Number         0  anon$$obj.o(Region$$Table)
    Region$$Table$$Limit                     0x0800bf7c   Number         0  anon$$obj.o(Region$$Table)
    rt_interrupt_from_thread                 0x20000004   Data           4  cpuport.o(.data)
    rt_interrupt_to_thread                   0x20000008   Data           4  cpuport.o(.data)
    rt_thread_switch_interrupt_flag          0x2000000c   Data           4  cpuport.o(.data)
    pin_irq_hdr_tab                          0x20000018   Data         192  drv_gpio.o(.data)
    _syscall_table_begin                     0x200000d8   Data           4  shell.o(.data)
    _syscall_table_end                       0x200000dc   Data           4  shell.o(.data)
    shell                                    0x200000e4   Data           4  shell.o(.data)
    rt_interrupt_nest                        0x200000f8   Data           1  irq.o(.data)
    rt_assert_hook                           0x20000118   Data           4  kservice.o(.data)
    rt_object_trytake_hook                   0x20000124   Data           4  object.o(.data)
    rt_object_take_hook                      0x20000128   Data           4  object.o(.data)
    rt_object_put_hook                       0x2000012c   Data           4  object.o(.data)
    rt_current_priority                      0x200001d0   Data           1  scheduler.o(.data)
    rt_current_thread                        0x200001d4   Data           4  scheduler.o(.data)
    rt_thread_ready_priority_group           0x200001d8   Data           4  scheduler.o(.data)
    SystemCoreClock                          0x20000204   Data           4  system_gd32f30x.o(.data)
    serial1                                  0x2000024c   Data          84  drv_usart.o(.bss)
    rt_thread_priority_table                 0x20000558   Data         256  scheduler.o(.bss)
    __libspace_start                         0x20000658   Data          96  libspace.o(.bss)
    __temporary_stack_top$libspace           0x200006b8   Data           0  libspace.o(.bss)
    Image$$RW_IRAM1$$ZI$$Limit               0x20000eb8   Number         0  anon$$obj.o ABSOLUTE



==============================================================================

Memory Map of the image

  Image Entry point : 0x08000131

  Load Region LR_IROM1 (Base: 0x08000000, Size: 0x0000c184, Max: 0x00020000, ABSOLUTE, COMPRESSED[0x0000bff0])

    Execution Region ER_IROM1 (Exec base: 0x08000000, Load base: 0x08000000, Size: 0x0000bf7c, Max: 0x00020000, ABSOLUTE)

    Exec Addr    Load Addr    Size         Type   Attr      Idx    E Section Name        Object

    0x08000000   0x08000000   0x00000130   Data   RO          586    RESET               startup_gd32f30x_hd.o
    0x08000130   0x08000130   0x00000008   Code   RO         1118  * !!!main             c_w.l(__main.o)
    0x08000138   0x08000138   0x00000034   Code   RO         1272    !!!scatter          c_w.l(__scatter.o)
    0x0800016c   0x0800016c   0x0000005a   Code   RO         1270    !!dczerorl2         c_w.l(__dczerorl2.o)
    0x080001c6   0x080001c6   0x00000002   PAD
    0x080001c8   0x080001c8   0x0000001c   Code   RO         1274    !!handler_zi        c_w.l(__scatter_zi.o)
    0x080001e4   0x080001e4   0x00000002   Code   RO         1149    .ARM.Collect$$libinit$$00000000  c_w.l(libinit.o)
    0x080001e6   0x080001e6   0x00000004   Code   RO         1155    .ARM.Collect$$libinit$$00000001  c_w.l(libinit2.o)
    0x080001ea   0x080001ea   0x00000000   Code   RO         1158    .ARM.Collect$$libinit$$00000004  c_w.l(libinit2.o)
    0x080001ea   0x080001ea   0x00000000   Code   RO         1161    .ARM.Collect$$libinit$$0000000A  c_w.l(libinit2.o)
    0x080001ea   0x080001ea   0x00000000   Code   RO         1163    .ARM.Collect$$libinit$$0000000C  c_w.l(libinit2.o)
    0x080001ea   0x080001ea   0x00000000   Code   RO         1165    .ARM.Collect$$libinit$$0000000E  c_w.l(libinit2.o)
    0x080001ea   0x080001ea   0x00000000   Code   RO         1168    .ARM.Collect$$libinit$$00000011  c_w.l(libinit2.o)
    0x080001ea   0x080001ea   0x00000000   Code   RO         1170    .ARM.Collect$$libinit$$00000013  c_w.l(libinit2.o)
    0x080001ea   0x080001ea   0x00000000   Code   RO         1172    .ARM.Collect$$libinit$$00000015  c_w.l(libinit2.o)
    0x080001ea   0x080001ea   0x00000000   Code   RO         1174    .ARM.Collect$$libinit$$00000017  c_w.l(libinit2.o)
    0x080001ea   0x080001ea   0x00000000   Code   RO         1176    .ARM.Collect$$libinit$$00000019  c_w.l(libinit2.o)
    0x080001ea   0x080001ea   0x00000000   Code   RO         1178    .ARM.Collect$$libinit$$0000001B  c_w.l(libinit2.o)
    0x080001ea   0x080001ea   0x00000000   Code   RO         1180    .ARM.Collect$$libinit$$0000001D  c_w.l(libinit2.o)
    0x080001ea   0x080001ea   0x00000000   Code   RO         1182    .ARM.Collect$$libinit$$0000001F  c_w.l(libinit2.o)
    0x080001ea   0x080001ea   0x00000000   Code   RO         1184    .ARM.Collect$$libinit$$00000021  c_w.l(libinit2.o)
    0x080001ea   0x080001ea   0x00000000   Code   RO         1186    .ARM.Collect$$libinit$$00000023  c_w.l(libinit2.o)
    0x080001ea   0x080001ea   0x00000000   Code   RO         1188    .ARM.Collect$$libinit$$00000025  c_w.l(libinit2.o)
    0x080001ea   0x080001ea   0x00000000   Code   RO         1192    .ARM.Collect$$libinit$$0000002C  c_w.l(libinit2.o)
    0x080001ea   0x080001ea   0x00000000   Code   RO         1194    .ARM.Collect$$libinit$$0000002E  c_w.l(libinit2.o)
    0x080001ea   0x080001ea   0x00000000   Code   RO         1196    .ARM.Collect$$libinit$$00000030  c_w.l(libinit2.o)
    0x080001ea   0x080001ea   0x00000000   Code   RO         1198    .ARM.Collect$$libinit$$00000032  c_w.l(libinit2.o)
    0x080001ea   0x080001ea   0x00000002   Code   RO         1199    .ARM.Collect$$libinit$$00000033  c_w.l(libinit2.o)
    0x080001ec   0x080001ec   0x00000002   Code   RO         1217    .ARM.Collect$$libshutdown$$00000000  c_w.l(libshutdown.o)
    0x080001ee   0x080001ee   0x00000000   Code   RO         1225    .ARM.Collect$$libshutdown$$00000002  c_w.l(libshutdown2.o)
    0x080001ee   0x080001ee   0x00000000   Code   RO         1227    .ARM.Collect$$libshutdown$$00000004  c_w.l(libshutdown2.o)
    0x080001ee   0x080001ee   0x00000000   Code   RO         1230    .ARM.Collect$$libshutdown$$00000007  c_w.l(libshutdown2.o)
    0x080001ee   0x080001ee   0x00000000   Code   RO         1233    .ARM.Collect$$libshutdown$$0000000A  c_w.l(libshutdown2.o)
    0x080001ee   0x080001ee   0x00000000   Code   RO         1235    .ARM.Collect$$libshutdown$$0000000C  c_w.l(libshutdown2.o)
    0x080001ee   0x080001ee   0x00000000   Code   RO         1238    .ARM.Collect$$libshutdown$$0000000F  c_w.l(libshutdown2.o)
    0x080001ee   0x080001ee   0x00000002   Code   RO         1239    .ARM.Collect$$libshutdown$$00000010  c_w.l(libshutdown2.o)
    0x080001f0   0x080001f0   0x00000000   Code   RO         1120    .ARM.Collect$$rtentry$$00000000  c_w.l(__rtentry.o)
    0x080001f0   0x080001f0   0x00000000   Code   RO         1124    .ARM.Collect$$rtentry$$00000002  c_w.l(__rtentry2.o)
    0x080001f0   0x080001f0   0x00000006   Code   RO         1136    .ARM.Collect$$rtentry$$00000004  c_w.l(__rtentry4.o)
    0x080001f6   0x080001f6   0x00000000   Code   RO         1126    .ARM.Collect$$rtentry$$00000009  c_w.l(__rtentry2.o)
    0x080001f6   0x080001f6   0x00000004   Code   RO         1127    .ARM.Collect$$rtentry$$0000000A  c_w.l(__rtentry2.o)
    0x080001fa   0x080001fa   0x00000000   Code   RO         1129    .ARM.Collect$$rtentry$$0000000C  c_w.l(__rtentry2.o)
    0x080001fa   0x080001fa   0x00000008   Code   RO         1130    .ARM.Collect$$rtentry$$0000000D  c_w.l(__rtentry2.o)
    0x08000202   0x08000202   0x00000002   Code   RO         1153    .ARM.Collect$$rtexit$$00000000  c_w.l(rtexit.o)
    0x08000204   0x08000204   0x00000000   Code   RO         1201    .ARM.Collect$$rtexit$$00000002  c_w.l(rtexit2.o)
    0x08000204   0x08000204   0x00000004   Code   RO         1202    .ARM.Collect$$rtexit$$00000003  c_w.l(rtexit2.o)
    0x08000208   0x08000208   0x00000006   Code   RO         1203    .ARM.Collect$$rtexit$$00000004  c_w.l(rtexit2.o)
    0x0800020e   0x0800020e   0x00000002   PAD
    0x08000210   0x08000210   0x00000080   Code   RO            3    .text               main.o
    0x08000290   0x08000290   0x000001b4   Code   RO          223    .text               syscalls.o
    0x08000444   0x08000444   0x00000078   Code   RO          271    .text               stdlib.o
    0x080004bc   0x080004bc   0x0000013c   Code   RO          351    .text               context_rvds.o
    0x080005f8   0x080005f8   0x0000058c   Code   RO          355    .text               cpuport.o
    0x08000b84   0x08000b84   0x00000264   Code   RO          374    .text               completion.o
    0x08000de8   0x08000de8   0x000006c0   Code   RO          420    .text               dataqueue.o
    0x080014a8   0x080014a8   0x00000570   Code   RO          504    .text               workqueue.o
    0x08001a18   0x08001a18   0x00000250   Code   RO          524    .text               pin.o
    0x08001c68   0x08001c68   0x00000b6c   Code   RO          539    .text               serial.o
    0x080027d4   0x080027d4   0x000000ac   Code   RO          556    .text               board.o
    0x08002880   0x08002880   0x00000040   Code   RO          587    .text               startup_gd32f30x_hd.o
    0x080028c0   0x080028c0   0x00000370   Code   RO          593    .text               drv_gpio.o
    0x08002c30   0x08002c30   0x000002a4   Code   RO          622    .text               drv_usart.o
    0x08002ed4   0x08002ed4   0x000006dc   Code   RO          650    .text               shell.o
    0x080035b0   0x080035b0   0x00000328   Code   RO          683    .text               msh.o
    0x080038d8   0x080038d8   0x00000c40   Code   RO          705    .text               cmd.o
    0x08004518   0x08004518   0x000000b0   Code   RO          747    .text               clock.o
    0x080045c8   0x080045c8   0x000000d4   Code   RO          761    .text               components.o
    0x0800469c   0x0800469c   0x00000498   Code   RO          781    .text               device.o
    0x08004b34   0x08004b34   0x0000013c   Code   RO          795    .text               idle.o
    0x08004c70   0x08004c70   0x00001ed0   Code   RO          813    .text               ipc.o
    0x08006b40   0x08006b40   0x00000064   Code   RO          828    .text               irq.o
    0x08006ba4   0x08006ba4   0x00000a38   Code   RO          843    .text               kservice.o
    0x080075dc   0x080075dc   0x00000738   Code   RO          865    .text               mem.o
    0x08007d14   0x08007d14   0x000003bc   Code   RO          897    .text               object.o
    0x080080d0   0x080080d0   0x00000320   Code   RO          914    .text               scheduler.o
    0x080083f0   0x080083f0   0x000007bc   Code   RO          932    .text               thread.o
    0x08008bac   0x08008bac   0x0000054c   Code   RO          952    .text               timer.o
    0x080090f8   0x080090f8   0x000001b8   Code   RO          970    .text               system_gd32f30x.o
    0x080092b0   0x080092b0   0x00000518   Code   RO          996    .text               gd32f30x_rcu.o
    0x080097c8   0x080097c8   0x000003b4   Code   RO         1017    .text               gd32f30x_usart.o
    0x08009b7c   0x08009b7c   0x00000100   Code   RO         1037    .text               gd32f30x_exti.o
    0x08009c7c   0x08009c7c   0x00000260   Code   RO         1057    .text               gd32f30x_gpio.o
    0x08009edc   0x08009edc   0x000000fc   Code   RO         1077    .text               gd32f30x_misc.o
    0x08009fd8   0x08009fd8   0x00000002   Code   RO         1098    .text               c_w.l(use_no_semi.o)
    0x08009fda   0x08009fda   0x00000058   Code   RO         1102    .text               c_w.l(memcmp.o)
    0x0800a032   0x0800a032   0x00000048   Code   RO         1104    .text               c_w.l(strcpy.o)
    0x0800a07a   0x0800a07a   0x0000003e   Code   RO         1106    .text               c_w.l(strlen.o)
    0x0800a0b8   0x0800a0b8   0x00000096   Code   RO         1108    .text               c_w.l(strncmp.o)
    0x0800a14e   0x0800a14e   0x00000018   Code   RO         1110    .text               c_w.l(strcat.o)
    0x0800a166   0x0800a166   0x00000056   Code   RO         1112    .text               c_w.l(strncpy.o)
    0x0800a1bc   0x0800a1bc   0x00000080   Code   RO         1114    .text               c_w.l(strcmpv7m.o)
    0x0800a23c   0x0800a23c   0x00000006   Code   RO         1116    .text               c_w.l(heapauxi.o)
    0x0800a242   0x0800a242   0x00000044   Code   RO         1121    .text               c_w.l(rt_memclr.o)
    0x0800a286   0x0800a286   0x0000004e   Code   RO         1138    .text               c_w.l(rt_memclr_w.o)
    0x0800a2d4   0x0800a2d4   0x0000004a   Code   RO         1140    .text               c_w.l(sys_stackheap_outer.o)
    0x0800a31e   0x0800a31e   0x00000012   Code   RO         1142    .text               c_w.l(exit.o)
    0x0800a330   0x0800a330   0x00000008   Code   RO         1150    .text               c_w.l(libspace.o)
    0x0800a338   0x0800a338   0x0000000a   Code   RO         1209    x$fpl$fpinit        fz_wm.l(fpinit.o)
    0x0800a342   0x0800a342   0x00000059   Data   RO          224    .constdata          syscalls.o
    0x0800a39b   0x0800a39b   0x00000013   Data   RO          356    .constdata          cpuport.o
    0x0800a3ae   0x0800a3ae   0x00000039   Data   RO          375    .constdata          completion.o
    0x0800a3e7   0x0800a3e7   0x00000086   Data   RO          421    .constdata          dataqueue.o
    0x0800a46d   0x0800a46d   0x0000010d   Data   RO          505    .constdata          workqueue.o
    0x0800a57a   0x0800a57a   0x00000088   Data   RO          526    .constdata          pin.o
    0x0800a602   0x0800a602   0x0000012a   Data   RO          540    .constdata          serial.o
    0x0800a72c   0x0800a72c   0x0000075c   Data   RO          594    .constdata          drv_gpio.o
    0x0800ae88   0x0800ae88   0x000000aa   Data   RO          624    .constdata          drv_usart.o
    0x0800af32   0x0800af32   0x00000087   Data   RO          652    .constdata          shell.o
    0x0800afb9   0x0800afb9   0x0000000e   Data   RO          684    .constdata          msh.o
    0x0800afc7   0x0800afc7   0x00000001   PAD
    0x0800afc8   0x0800afc8   0x00000078   Data   RO          706    .constdata          cmd.o
    0x0800b040   0x0800b040   0x00000014   Data   RO          762    .constdata          components.o
    0x0800b054   0x0800b054   0x000000ba   Data   RO          782    .constdata          device.o
    0x0800b10e   0x0800b10e   0x0000021b   Data   RO          814    .constdata          ipc.o
    0x0800b329   0x0800b329   0x00000143   Data   RO          845    .constdata          kservice.o
    0x0800b46c   0x0800b46c   0x00000045   Data   RO          866    .constdata          mem.o
    0x0800b4b1   0x0800b4b1   0x00000080   Data   RO          898    .constdata          object.o
    0x0800b531   0x0800b531   0x0000004b   Data   RO          916    .constdata          scheduler.o
    0x0800b57c   0x0800b57c   0x000000bb   Data   RO          933    .constdata          thread.o
    0x0800b637   0x0800b637   0x0000006c   Data   RO          953    .constdata          timer.o
    0x0800b6a3   0x0800b6a3   0x00000001   PAD
    0x0800b6a4   0x0800b6a4   0x00000063   Data   RO          541    .conststring        serial.o
    0x0800b707   0x0800b707   0x00000001   PAD
    0x0800b708   0x0800b708   0x00000006   Data   RO          625    .conststring        drv_usart.o
    0x0800b70e   0x0800b70e   0x00000002   PAD
    0x0800b710   0x0800b710   0x000001e5   Data   RO          707    .conststring        cmd.o
    0x0800b8f5   0x0800b8f5   0x00000003   PAD
    0x0800b8f8   0x0800b8f8   0x0000015a   Data   RO          815    .conststring        ipc.o
    0x0800ba52   0x0800ba52   0x00000002   PAD
    0x0800ba54   0x0800ba54   0x0000006f   Data   RO          846    .conststring        kservice.o
    0x0800bac3   0x0800bac3   0x00000001   PAD
    0x0800bac4   0x0800bac4   0x000001a8   Data   RO          867    .conststring        mem.o
    0x0800bc6c   0x0800bc6c   0x00000042   Data   RO          934    .conststring        thread.o
    0x0800bcae   0x0800bcae   0x00000005   Data   RO          685    .rodata.name        msh.o
    0x0800bcb3   0x0800bcb3   0x00000016   Data   RO          686    .rodata.name        msh.o
    0x0800bcc9   0x0800bcc9   0x00000003   Data   RO          687    .rodata.name        msh.o
    0x0800bccc   0x0800bccc   0x0000001c   Data   RO          688    .rodata.name        msh.o
    0x0800bce8   0x0800bce8   0x00000005   Data   RO          689    .rodata.name        msh.o
    0x0800bced   0x0800bced   0x00000025   Data   RO          690    .rodata.name        msh.o
    0x0800bd12   0x0800bd12   0x00000006   Data   RO          708    .rodata.name        cmd.o
    0x0800bd18   0x0800bd18   0x0000001a   Data   RO          709    .rodata.name        cmd.o
    0x0800bd32   0x0800bd32   0x00000008   Data   RO          710    .rodata.name        cmd.o
    0x0800bd3a   0x0800bd3a   0x00000023   Data   RO          711    .rodata.name        cmd.o
    0x0800bd5d   0x0800bd5d   0x0000000c   Data   RO          712    .rodata.name        cmd.o
    0x0800bd69   0x0800bd69   0x0000000c   Data   RO          713    .rodata.name        cmd.o
    0x0800bd75   0x0800bd75   0x00000009   Data   RO          714    .rodata.name        cmd.o
    0x0800bd7e   0x0800bd7e   0x00000019   Data   RO          715    .rodata.name        cmd.o
    0x0800bd97   0x0800bd97   0x0000000b   Data   RO          716    .rodata.name        cmd.o
    0x0800bda2   0x0800bda2   0x00000015   Data   RO          717    .rodata.name        cmd.o
    0x0800bdb7   0x0800bdb7   0x0000000b   Data   RO          718    .rodata.name        cmd.o
    0x0800bdc2   0x0800bdc2   0x00000015   Data   RO          719    .rodata.name        cmd.o
    0x0800bdd7   0x0800bdd7   0x0000000d   Data   RO          720    .rodata.name        cmd.o
    0x0800bde4   0x0800bde4   0x00000018   Data   RO          721    .rodata.name        cmd.o
    0x0800bdfc   0x0800bdfc   0x0000000e   Data   RO          722    .rodata.name        cmd.o
    0x0800be0a   0x0800be0a   0x0000001d   Data   RO          723    .rodata.name        cmd.o
    0x0800be27   0x0800be27   0x0000000d   Data   RO          724    .rodata.name        cmd.o
    0x0800be34   0x0800be34   0x0000001b   Data   RO          725    .rodata.name        cmd.o
    0x0800be4f   0x0800be4f   0x0000000b   Data   RO          726    .rodata.name        cmd.o
    0x0800be5a   0x0800be5a   0x00000015   Data   RO          727    .rodata.name        cmd.o
    0x0800be6f   0x0800be6f   0x0000000c   Data   RO          728    .rodata.name        cmd.o
    0x0800be7b   0x0800be7b   0x00000016   Data   RO          729    .rodata.name        cmd.o
    0x0800be91   0x0800be91   0x00000003   PAD
    0x0800be94   0x0800be94   0x00000004   Data   RO          763    .rti_fn.0           components.o
    0x0800be98   0x0800be98   0x00000004   Data   RO          764    .rti_fn.0.end       components.o
    0x0800be9c   0x0800be9c   0x00000004   Data   RO          596    .rti_fn.1           drv_gpio.o
    0x0800bea0   0x0800bea0   0x00000004   Data   RO          626    .rti_fn.1           drv_usart.o
    0x0800bea4   0x0800bea4   0x00000004   Data   RO          765    .rti_fn.1.end       components.o
    0x0800bea8   0x0800bea8   0x00000004   Data   RO          507    .rti_fn.2           workqueue.o
    0x0800beac   0x0800beac   0x00000004   Data   RO          654    .rti_fn.6           shell.o
    0x0800beb0   0x0800beb0   0x00000004   Data   RO          766    .rti_fn.6.end       components.o
    0x0800beb4   0x0800beb4   0x00000024   Data   RO          691    FSymTab             msh.o
    0x0800bed8   0x0800bed8   0x00000084   Data   RO          730    FSymTab             cmd.o
    0x0800bf5c   0x0800bf5c   0x00000020   Data   RO         1268    Region$$Table       anon$$obj.o


    Execution Region RW_IRAM1 (Exec base: 0x20000000, Load base: 0x0800bf7c, Size: 0x00000eb8, Max: 0x00008000, ABSOLUTE, COMPRESSED[0x00000074])

    Exec Addr    Load Addr    Size         Type   Attr      Idx    E Section Name        Object

    0x20000000   COMPRESSED   0x00000004   Data   RW          357    .data               cpuport.o
    0x20000004   COMPRESSED   0x00000004   Data   RW          358    .data               cpuport.o
    0x20000008   COMPRESSED   0x00000004   Data   RW          359    .data               cpuport.o
    0x2000000c   COMPRESSED   0x00000004   Data   RW          360    .data               cpuport.o
    0x20000010   COMPRESSED   0x00000004   Data   RW          506    .data               workqueue.o
    0x20000014   COMPRESSED   0x00000004   Data   RW          542    .data               serial.o
    0x20000018   COMPRESSED   0x000000c0   Data   RW          595    .data               drv_gpio.o
    0x200000d8   COMPRESSED   0x00000010   Data   RW          653    .data               shell.o
    0x200000e8   COMPRESSED   0x00000008   Data   RW          748    .data               clock.o
    0x200000f0   COMPRESSED   0x00000008   Data   RW          797    .data               idle.o
    0x200000f8   COMPRESSED   0x0000000c   Data   RW          829    .data               irq.o
    0x20000104   COMPRESSED   0x00000018   Data   RW          847    .data               kservice.o
    0x2000011c   COMPRESSED   0x000000b4   Data   RW          899    .data               object.o
    0x200001d0   COMPRESSED   0x00000014   Data   RW          917    .data               scheduler.o
    0x200001e4   COMPRESSED   0x0000000c   Data   RW          935    .data               thread.o
    0x200001f0   COMPRESSED   0x00000014   Data   RW          954    .data               timer.o
    0x20000204   COMPRESSED   0x00000004   Data   RW          971    .data               system_gd32f30x.o
    0x20000208        -       0x00000044   Zero   RW          525    .bss                pin.o
    0x2000024c        -       0x00000054   Zero   RW          623    .bss                drv_usart.o
    0x200002a0        -       0x00000081   Zero   RW          651    .bss                shell.o
    0x20000321   COMPRESSED   0x00000003   PAD
    0x20000324        -       0x00000190   Zero   RW          796    .bss                idle.o
    0x200004b4        -       0x000000a4   Zero   RW          844    .bss                kservice.o
    0x20000558        -       0x00000100   Zero   RW          915    .bss                scheduler.o
    0x20000658        -       0x00000060   Zero   RW         1151    .bss                c_w.l(libspace.o)
    0x200006b8        -       0x00000400   Zero   RW          585    HEAP                startup_gd32f30x_hd.o
    0x20000ab8        -       0x00000400   Zero   RW          584    STACK               startup_gd32f30x_hd.o


==============================================================================

Image component sizes


      Code (inc. data)   RO Data    RW Data    ZI Data      Debug   Object Name

       172         26          0          0          0      28971   board.o
       176          6          0          8          0       2392   clock.o
      3136       1222       1120          0          0      13431   cmd.o
       612        222         57          0          0      10411   completion.o
       212         40         36          0          0       2624   components.o
       316         28          0          0          0        828   context_rvds.o
      1420        740         19         16          0       5259   cpuport.o
      1728        262        134          0          0       5828   dataqueue.o
      1176        250        186          0          0       5281   device.o
       880         28       1888        192          0       6745   drv_gpio.o
       676         84        180          0         84      30045   drv_usart.o
       256          4          0          0          0       2853   gd32f30x_exti.o
       608         12          0          0          0       5212   gd32f30x_gpio.o
       252         14          0          0          0       2715   gd32f30x_misc.o
      1304         70          0          0          0       9314   gd32f30x_rcu.o
       948         16          0          0          0      10940   gd32f30x_usart.o
       316         24          0          8        400       5950   idle.o
      7888       1050        885          0          0      22609   ipc.o
       100          6          0         12          0       2128   irq.o
      2616        304        434         24        164      17279   kservice.o
       128          6          0          0          0      51405   main.o
      1848        660        493          0          0       4977   mem.o
       808        176        150          0          0       4884   msh.o
       956        156        128        180          0       7387   object.o
       592         76        136          0         68       4891   pin.o
       800        142         75         20        256       5175   scheduler.o
      2924        374        397          4          0      10733   serial.o
      1756        176        139         16        129       7919   shell.o
        64         26        304          0       2048        996   startup_gd32f30x_hd.o
       120         48          0          0          0        888   stdlib.o
         0          0          0          0          0      11496   syscall_mem.o
       436         94         89          0          0       4796   syscalls.o
       440         58          0          4          0       2637   system_gd32f30x.o
      1980        390        253         12          0      11052   thread.o
      1356        292        108         20          0       6991   timer.o
         0          0          0          0          0       2532   waitqueue.o
      1392        160        273          4          0       9738   workqueue.o

    ----------------------------------------------------------------------
     40392       7242       7530        520       3152     339312   Object Totals
         0          0         32          0          0          0   (incl. Generated)
         0          0         14          0          3          0   (incl. Padding)

    ----------------------------------------------------------------------

      Code (inc. data)   RO Data    RW Data    ZI Data      Debug   Library Member Name

        90          0          0          0          0          0   __dczerorl2.o
         8          0          0          0          0         68   __main.o
         0          0          0          0          0          0   __rtentry.o
        12          0          0          0          0          0   __rtentry2.o
         6          0          0          0          0          0   __rtentry4.o
        52          8          0          0          0          0   __scatter.o
        28          0          0          0          0          0   __scatter_zi.o
        18          0          0          0          0         80   exit.o
         6          0          0          0          0        152   heapauxi.o
         2          0          0          0          0          0   libinit.o
         6          0          0          0          0          0   libinit2.o
         2          0          0          0          0          0   libshutdown.o
         2          0          0          0          0          0   libshutdown2.o
         8          4          0          0         96         68   libspace.o
        88          0          0          0          0         76   memcmp.o
        68          0          0          0          0         68   rt_memclr.o
        78          0          0          0          0         80   rt_memclr_w.o
         2          0          0          0          0          0   rtexit.o
        10          0          0          0          0          0   rtexit2.o
        24          0          0          0          0         68   strcat.o
       128          0          0          0          0         68   strcmpv7m.o
        72          0          0          0          0         80   strcpy.o
        62          0          0          0          0         76   strlen.o
       150          0          0          0          0         80   strncmp.o
        86          0          0          0          0         76   strncpy.o
        74          0          0          0          0         80   sys_stackheap_outer.o
         2          0          0          0          0         68   use_no_semi.o
        10          0          0          0          0        116   fpinit.o

    ----------------------------------------------------------------------
      1098         12          0          0         96       1304   Library Totals
         4          0          0          0          0          0   (incl. Padding)

    ----------------------------------------------------------------------

      Code (inc. data)   RO Data    RW Data    ZI Data      Debug   Library Name

      1084         12          0          0         96       1188   c_w.l
        10          0          0          0          0        116   fz_wm.l

    ----------------------------------------------------------------------
      1098         12          0          0         96       1304   Library Totals

    ----------------------------------------------------------------------

==============================================================================


      Code (inc. data)   RO Data    RW Data    ZI Data      Debug   

     41490       7254       7530        520       3248     332944   Grand Totals
     41490       7254       7530        116       3248     332944   ELF Image Totals (compressed)
     41490       7254       7530        116          0          0   ROM Totals

==============================================================================

    Total RO  Size (Code + RO Data)                49020 (  47.87kB)
    Total RW  Size (RW Data + ZI Data)              3768 (   3.68kB)
    Total ROM Size (Code + RO Data + RW Data)      49136 (  47.98kB)

==============================================================================

